#-----------------------------------------------------------
# Vivado v2021.2 (64-bit)
# SW Build 3367213 on Tue Oct 19 02:48:09 MDT 2021
# IP Build 3369179 on Thu Oct 21 08:25:16 MDT 2021
# Start of session at: Wed Jun  3 23:16:01 2026
# Process ID: 17444
# Current directory: C:/Users/Saad/Desktop/arm_fpga_04_hdmi_output
# Command line: vivado.exe -gui_launcher_event rodinguilauncherevent9604 C:\Users\Saad\Desktop\arm_fpga_04_hdmi_output\arm_fpga_04_hdmi_output.xpr
# Log file: C:/Users/Saad/Desktop/arm_fpga_04_hdmi_output/vivado.log
# Journal file: C:/Users/Saad/Desktop/arm_fpga_04_hdmi_output\vivado.jou
# Running On: DESKTOP-N4P9TIA, OS: Windows, CPU Frequency: 2496 MHz, CPU Physical cores: 10, Host memory: 16890 MB
#-----------------------------------------------------------
start_gui
open_project C:/Users/Saad/Desktop/arm_fpga_04_hdmi_output/arm_fpga_04_hdmi_output.xpr
WARNING: [Board 49-26] cannot add Board Part xilinx.com:kcu105:part0:1.6 available at D:/Vivado/2021.2/data/xhub/boards/XilinxBoardStore/boards/Xilinx/kcu105/1.6/board.xml as part xcku040-ffva1156-2-e specified in board_part file is either invalid or not available
WARNING: [Board 49-26] cannot add Board Part xilinx.com:kcu105:part0:1.7 available at D:/Vivado/2021.2/data/xhub/boards/XilinxBoardStore/boards/Xilinx/kcu105/1.7/board.xml as part xcku040-ffva1156-2-e specified in board_part file is either invalid or not available
WARNING: [Board 49-26] cannot add Board Part xilinx.com:kcu116:part0:1.4 available at D:/Vivado/2021.2/data/xhub/boards/XilinxBoardStore/boards/Xilinx/kcu116/1.4/board.xml as part xcku5p-ffvb676-2-e specified in board_part file is either invalid or not available
WARNING: [Board 49-26] cannot add Board Part xilinx.com:kcu116:part0:1.5 available at D:/Vivado/2021.2/data/xhub/boards/XilinxBoardStore/boards/Xilinx/kcu116/1.5/board.xml as part xcku5p-ffvb676-2-e specified in board_part file is either invalid or not available
WARNING: [Board 49-26] cannot add Board Part xilinx.com:vck190_es:part0:1.3 available at D:/Vivado/2021.2/data/xhub/boards/XilinxBoardStore/boards/Xilinx/vck190/es/1.3/board.xml as part xcvc1902-vsva2197-2mp-e-s-es1 specified in board_part file is either invalid or not available
WARNING: [Board 49-26] cannot add Board Part xilinx.com:vcu108:part0:1.6 available at D:/Vivado/2021.2/data/xhub/boards/XilinxBoardStore/boards/Xilinx/vcu108/1.6/board.xml as part xcvu095-ffva2104-2-e specified in board_part file is either invalid or not available
WARNING: [Board 49-26] cannot add Board Part xilinx.com:vcu108:part0:1.7 available at D:/Vivado/2021.2/data/xhub/boards/XilinxBoardStore/boards/Xilinx/vcu108/1.7/board.xml as part xcvu095-ffva2104-2-e specified in board_part file is either invalid or not available
WARNING: [Board 49-26] cannot add Board Part xilinx.com:vcu110:part0:1.4 available at D:/Vivado/2021.2/data/xhub/boards/XilinxBoardStore/boards/Xilinx/vcu110/1.4/board.xml as part xcvu190-flgc2104-2-e specified in board_part file is either invalid or not available
WARNING: [Board 49-26] cannot add Board Part xilinx.com:vcu128:part0:1.0 available at D:/Vivado/2021.2/data/xhub/boards/XilinxBoardStore/boards/Xilinx/vcu128/production/1.0/board.xml as part xcvu37p-fsvh2892-2l-e specified in board_part file is either invalid or not available
WARNING: [Board 49-26] cannot add Board Part xilinx.com:vcu129:part0:1.0 available at D:/Vivado/2021.2/data/xhub/boards/XilinxBoardStore/boards/Xilinx/vcu129/production/1.0/board.xml as part xcvu29p-fsga2577-2l-e specified in board_part file is either invalid or not available
WARNING: [Board 49-26] cannot add Board Part xilinx.com:vmk180:part0:2.2 available at D:/Vivado/2021.2/data/xhub/boards/XilinxBoardStore/boards/Xilinx/vmk180/production/2.2/board.xml as part xcvm1802-vsva2197-2mp-e-s specified in board_part file is either invalid or not available
WARNING: [Board 49-26] cannot add Board Part xilinx.com:vmk180_es:part0:1.3 available at D:/Vivado/2021.2/data/xhub/boards/XilinxBoardStore/boards/Xilinx/vmk180/es/1.3/board.xml as part xcvm1802-vsva2197-2mp-e-s-es1 specified in board_part file is either invalid or not available
WARNING: [Board 49-26] cannot add Board Part xilinx.com:vpk120_es:part0:1.2 available at D:/Vivado/2021.2/data/xhub/boards/XilinxBoardStore/boards/Xilinx/vpk120/es/1.2/board.xml as part xcvp1202-vsva2785-2mp-e-s-es1 specified in board_part file is either invalid or not available
WARNING: [Board 49-26] cannot add Board Part xilinx.com:zcu208_es:part0:1.0 available at D:/Vivado/2021.2/data/xhub/boards/XilinxBoardStore/boards/Xilinx/zcu208/es/1.0/board.xml as part xczu48dr-fsvg1517-2-e-es1 specified in board_part file is either invalid or not available
WARNING: [Board 49-26] cannot add Board Part xilinx.com:zcu208_es:part0:1.1 available at D:/Vivado/2021.2/data/xhub/boards/XilinxBoardStore/boards/Xilinx/zcu208/es/1.1/board.xml as part xczu48dr-fsvg1517-2-e-es1 specified in board_part file is either invalid or not available
WARNING: [Board 49-26] cannot add Board Part xilinx.com:zcu208_es:part0:1.2 available at D:/Vivado/2021.2/data/xhub/boards/XilinxBoardStore/boards/Xilinx/zcu208/es/1.2/board.xml as part xczu48dr-fsvg1517-2-e-es1 specified in board_part file is either invalid or not available
WARNING: [Board 49-26] cannot add Board Part xilinx.com:zcu208ld:part0:2.0 available at D:/Vivado/2021.2/data/xhub/boards/XilinxBoardStore/boards/Xilinx/zcu208ld/production/2.0/board.xml as part xczu58dr-fsvg1517-2-i specified in board_part file is either invalid or not available
WARNING: [Board 49-26] cannot add Board Part xilinx.com:zcu208ld_es:part0:1.0 available at D:/Vivado/2021.2/data/xhub/boards/XilinxBoardStore/boards/Xilinx/zcu208ld/es/1.0/board.xml as part xczu58dr-fsvg1517-2-i-es1 specified in board_part file is either invalid or not available
WARNING: [Board 49-26] cannot add Board Part xilinx.com:zcu216_es:part0:1.0 available at D:/Vivado/2021.2/data/xhub/boards/XilinxBoardStore/boards/Xilinx/zcu216/es/1.0/board.xml as part xczu49dr-ffvf1760-2-e-es1 specified in board_part file is either invalid or not available
WARNING: [Board 49-26] cannot add Board Part xilinx.com:zcu216_es:part0:1.1 available at D:/Vivado/2021.2/data/xhub/boards/XilinxBoardStore/boards/Xilinx/zcu216/es/1.1/board.xml as part xczu49dr-ffvf1760-2-e-es1 specified in board_part file is either invalid or not available
WARNING: [Board 49-26] cannot add Board Part xilinx.com:zcu216_es:part0:1.2 available at D:/Vivado/2021.2/data/xhub/boards/XilinxBoardStore/boards/Xilinx/zcu216/es/1.2/board.xml as part xczu49dr-ffvf1760-2-e-es1 specified in board_part file is either invalid or not available
WARNING: [Board 49-26] cannot add Board Part xilinx.com:zcu216ld:part0:2.0 available at D:/Vivado/2021.2/data/xhub/boards/XilinxBoardStore/boards/Xilinx/zcu216ld/production/2.0/board.xml as part xczu59dr-ffvf1760-2-i specified in board_part file is either invalid or not available
WARNING: [Board 49-26] cannot add Board Part xilinx.com:zcu216ld_es:part0:1.0 available at D:/Vivado/2021.2/data/xhub/boards/XilinxBoardStore/boards/Xilinx/zcu216ld/es/1.0/board.xml as part xczu59dr-ffvf1760-2-i-es1 specified in board_part file is either invalid or not available
WARNING: [Board 49-26] cannot add Board Part xilinx.com:zcu670:part0:1.0 available at D:/Vivado/2021.2/data/xhub/boards/XilinxBoardStore/boards/Xilinx/zcu670/1.0/board.xml as part xczu67dr-fsve1156-2-i specified in board_part file is either invalid or not available
Scanning sources...
Finished scanning sources
INFO: [IP_Flow 19-234] Refreshing IP repositories
INFO: [IP_Flow 19-1700] Loaded user IP repository 'c:/Users/Saad/Desktop/arm_fpga_04_hdmi_output/repo'.
INFO: [IP_Flow 19-1700] Loaded user IP repository 'c:/Users/Saad/Desktop/kalman_filter'.
INFO: [IP_Flow 19-1700] Loaded user IP repository 'c:/Users/Saad/Desktop/frame_difference'.
INFO: [IP_Flow 19-1700] Loaded user IP repository 'd:/zynq_project/ImageProcessingOnZynq-main/grayscale_ip'.
INFO: [IP_Flow 19-2313] Loaded Vivado IP repository 'D:/Vivado/2021.2/data/ip'.
oopen_project: Time (s): cpu = 00:00:55 ; elapsed = 00:00:35 . Memory (MB): peak = 1680.457 ; gain = 0.000uupdate_compile_order -fileset sources_1oWARNING: [Common 17-9] Error reading message records.
WARNING: [Common 17-9] Error reading message records.
WARNING: [Common 17-9] Error reading message records.
WARNING: [Common 17-9] Error reading message records.
WARNING: [Common 17-9] Error reading message records.
WARNING: [Common 17-9] Error reading message records.
WARNING: [Common 17-9] Error reading message records.
WARNING: [Common 17-9] Error reading message records.
exit
INFO: [Common 17-206] Exiting Vivado at Thu Jun  4 00:37:09 2026...
 physical port 'M_AXI_GP0_aximm_rd_socket' specified in the portmap, is not found on the block! 
WARNING: [BD 41-176] The physical port 'S_AXI_HP0_aximm_wr_socket' specified in the portmap, is not found on the block! 
WARNING: [BD 41-176] The physical port 'S_AXI_HP0_aximm_rd_socket' specified in the portmap, is not found on the block! 
Adding component instance block -- xilinx.com:ip:proc_sys_reset:5.0 - rst_ps7_0_142M
Adding component instance block -- xilinx.com:ip:proc_sys_reset:5.0 - rst_ps7_0_100M
Adding component instance block -- digilentinc.com:ip:axi_dynclk:1.0 - axi_dynclk_0
Adding component instance block -- digilentinc.com:ip:rgb2dvi:1.2 - rgb2dvi_0
Adding component instance block -- xilinx.com:ip:axi_gpio:2.0 - axi_gpio_0
Adding component instance block -- xilinx.com:ip:smartconnect:1.0 - axi_smc
Adding component instance block -- xilinx.com:ip:axi_vdma:6.3 - axi_vdma_0
Adding component instance block -- xilinx.com:ip:axis_subset_converter:1.1 - axis_subset_converter_0
Adding component instance block -- xilinx.com:ip:axi_interconnect:2.1 - ps7_0_axi_periph
Adding component instance block -- xilinx.com:ip:axi_crossbar:2.1 - xbar
Adding component instance block -- xilinx.com:ip:axi_protocol_converter:2.1 - auto_pc
Adding component instance block -- xilinx.com:ip:v_axi4s_vid_out:4.0 - v_axi4s_vid_out_0
Adding component instance block -- xilinx.com:ip:v_tc:6.2 - v_tc_0
Adding component instance block -- xilinx.com:ip:xlconcat:2.1 - xlconcat_0
Adding component instance block -- xilinx.com:ip:xlconstant:1.1 - xlconstant_0
Adding component instance block -- xilinx.com:ip:xlconstant:1.1 - xlconstant_1
Adding component instance block -- xilinx.com:user:axis_grayscale:1.0 - axis_grayscale_0
Adding component instance block -- xilinx.com:user:axis_kalman:1.0 - axis_kalman_0
Adding component instance block -- xilinx.com:user:axis_frame_diff:1.0 - axis_frame_diff_0
Successfully read diagram <design_1> from block design file <C:/Users/Saad/Desktop/arm_fpga_04_hdmi_output/arm_fpga_04_hdmi_output.srcs/sources_1/bd/design_1/design_1.bd>
open_bd_design: Time (s): cpu = 00:00:12 ; elapsed = 00:00:12 . Memory (MB): peak = 1362.863 ; gain = 0.000
delete_bd_objs [get_bd_cells axis_kalman_0]
delete_bd_objs [get_bd_cells axis_frame_diff_0]
set_property  ip_repo_paths  {c:/Users/Saad/Desktop/arm_fpga_04_hdmi_output/repo C:/Users/Saad/Desktop/sobel c:/Users/Saad/Desktop/kalman_filter c:/Users/Saad/Desktop/frame_difference d:/zynq_project/ImageProcessingOnZynq-main/grayscale_ip} [current_project]
update_ip_catalog
INFO: [IP_Flow 19-234] Refreshing IP repositories
INFO: [IP_Flow 19-1700] Loaded user IP repository 'c:/Users/Saad/Desktop/arm_fpga_04_hdmi_output/repo'.
INFO: [IP_Flow 19-1700] Loaded user IP repository 'c:/Users/Saad/Desktop/sobel'.
INFO: [IP_Flow 19-1700] Loaded user IP repository 'c:/Users/Saad/Desktop/kalman_filter'.
INFO: [IP_Flow 19-1700] Loaded user IP repository 'c:/Users/Saad/Desktop/frame_difference'.
INFO: [IP_Flow 19-1700] Loaded user IP repository 'd:/zynq_project/ImageProcessingOnZynq-main/grayscale_ip'.
set_property  ip_repo_paths  {c:/Users/Saad/Desktop/arm_fpga_04_hdmi_output/repo c:/Users/Saad/Desktop/kalman_filter c:/Users/Saad/Desktop/frame_difference d:/zynq_project/ImageProcessingOnZynq-main/grayscale_ip} [current_project]
update_ip_catalog
INFO: [IP_Flow 19-234] Refreshing IP repositories
INFO: [IP_Flow 19-1700] Loaded user IP repository 'c:/Users/Saad/Desktop/arm_fpga_04_hdmi_output/repo'.
INFO: [IP_Flow 19-1700] Loaded user IP repository 'c:/Users/Saad/Desktop/kalman_filter'.
INFO: [IP_Flow 19-1700] Loaded user IP repository 'c:/Users/Saad/Desktop/frame_difference'.
INFO: [IP_Flow 19-1700] Loaded user IP repository 'd:/zynq_project/ImageProcessingOnZynq-main/grayscale_ip'.
open_bd_design {C:/Users/Saad/Desktop/arm_fpga_04_hdmi_output/arm_fpga_04_hdmi_output.srcs/sources_1/bd/design_1/design_1.bd}
set_property  ip_repo_paths  {c:/Users/Saad/Desktop/arm_fpga_04_hdmi_output/repo c:/Users/Saad/Desktop/kalman_filter C:/Users/Saad/Desktop/sobel c:/Users/Saad/Desktop/frame_difference d:/zynq_project/ImageProcessingOnZynq-main/grayscale_ip} [current_project]
update_ip_catalog
INFO: [IP_Flow 19-234] Refreshing IP repositories
INFO: [IP_Flow 19-1700] Loaded user IP repository 'c:/Users/Saad/Desktop/arm_fpga_04_hdmi_output/repo'.
INFO: [IP_Flow 19-1700] Loaded user IP repository 'c:/Users/Saad/Desktop/kalman_filter'.
INFO: [IP_Flow 19-1700] Loaded user IP repository 'c:/Users/Saad/Desktop/sobel'.
INFO: [IP_Flow 19-1700] Loaded user IP repository 'c:/Users/Saad/Desktop/frame_difference'.
INFO: [IP_Flow 19-1700] Loaded user IP repository 'd:/zynq_project/ImageProcessingOnZynq-main/grayscale_ip'.
startgroup
create_bd_cell -type ip -vlnv xilinx.com:user:axis_sobel:1.0 axis_sobel_0
endgroup
set_property location {5.5 1108 882} [get_bd_cells axis_sobel_0]
delete_bd_objs [get_bd_intf_nets axis_grayscale_0_m_axis]
set_property location {3 776 883} [get_bd_cells axis_grayscale_0]
undo
INFO: [Common 17-17] undo 'set_property location {3 776 883} [get_bd_cells axis_grayscale_0]'
connect_bd_intf_net [get_bd_intf_pins axis_grayscale_0/m_axis] [get_bd_intf_pins axis_sobel_0/s_axis]
connect_bd_intf_net [get_bd_intf_pins axis_sobel_0/m_axis] [get_bd_intf_pins v_axi4s_vid_out_0/video_in]
connect_bd_net [get_bd_pins axis_sobel_0/aclk] [get_bd_pins processing_system7_0/FCLK_CLK1]
connect_bd_net [get_bd_pins axis_sobel_0/aresetn] [get_bd_pins xlconstant_0/dout]
save_bd_design
Wrote  : <C:\Users\Saad\Desktop\arm_fpga_04_hdmi_output\arm_fpga_04_hdmi_output.srcs\sources_1\bd\design_1\design_1.bd> 
Wrote  : <C:/Users/Saad/Desktop/arm_fpga_04_hdmi_output/arm_fpga_04_hdmi_output.srcs/sources_1/bd/design_1/ui/bd_1f5defd0.ui> 
validate_bd_design
INFO: [xilinx.com:ip:smartconnect:1.0-1] design_1_axi_smc_0: SmartConnect design_1_axi_smc_0 is in High-performance Mode.
CRITICAL WARNING: [BD 41-1343] Reset pin /v_tc_0/resetn (associated clock /v_tc_0/clk) is connected to reset source /rst_ps7_0_100M/peripheral_aresetn (synchronous to clock source /processing_system7_0/FCLK_CLK0).
This may prevent design from meeting timing. Please add Processor System Reset module to create a reset that is synchronous to the associated clock source /axi_dynclk_0/PXL_CLK_O.
WARNING: [BD 41-927] Following properties on pin /axi_dynclk_0/REF_CLK_I have been updated from connected ip, but BD cell '/axi_dynclk_0' does not accept parameter changes, so they may not be synchronized with cell properties:
	PHASE = 0.000 
Please resolve any mismatches by directly setting properties on BD cell </axi_dynclk_0> to completely resolve these warnings.
WARNING: [BD 41-927] Following properties on pin /axi_dynclk_0/PXL_CLK_O have been updated from connected ip, but BD cell '/axi_dynclk_0' does not accept parameter changes, so they may not be synchronized with cell properties:
	PHASE = 0.000 
Please resolve any mismatches by directly setting properties on BD cell </axi_dynclk_0> to completely resolve these warnings.
WARNING: [BD 41-927] Following properties on pin /axi_dynclk_0/PXL_CLK_5X_O have been updated from connected ip, but BD cell '/axi_dynclk_0' does not accept parameter changes, so they may not be synchronized with cell properties:
	PHASE = 0.000 
Please resolve any mismatches by directly setting properties on BD cell </axi_dynclk_0> to completely resolve these warnings.
WARNING: [BD 41-927] Following properties on pin /axi_dynclk_0/s00_axi_aclk have been updated from connected ip, but BD cell '/axi_dynclk_0' does not accept parameter changes, so they may not be synchronized with cell properties:
	PHASE = 0.000 
Please resolve any mismatches by directly setting properties on BD cell </axi_dynclk_0> to completely resolve these warnings.
WARNING: [BD 41-927] Following properties on pin /rgb2dvi_0/PixelClk have been updated from connected ip, but BD cell '/rgb2dvi_0' does not accept parameter changes, so they may not be synchronized with cell properties:
	PHASE = 0.000 
Please resolve any mismatches by directly setting properties on BD cell </rgb2dvi_0> to completely resolve these warnings.
WARNING: [BD 41-927] Following properties on pin /rgb2dvi_0/SerialClk have been updated from connected ip, but BD cell '/rgb2dvi_0' does not accept parameter changes, so they may not be synchronized with cell properties:
	PHASE = 0.000 
Please resolve any mismatches by directly setting properties on BD cell </rgb2dvi_0> to completely resolve these warnings.
WARNING: [BD 41-927] Following properties on pin /axis_grayscale_0/aclk have been updated from connected ip, but BD cell '/axis_grayscale_0' does not accept parameter changes, so they may not be synchronized with cell properties:
	PHASE = 0.000 
Please resolve any mismatches by directly setting properties on BD cell </axis_grayscale_0> to completely resolve these warnings.
WARNING: [BD 41-927] Following properties on pin /axis_sobel_0/aclk have been updated from connected ip, but BD cell '/axis_sobel_0' does not accept parameter changes, so they may not be synchronized with cell properties:
	PHASE = 0.000 
Please resolve any mismatches by directly setting properties on BD cell </axis_sobel_0> to completely resolve these warnings.
make_wrapper -files [get_files C:/Users/Saad/Desktop/arm_fpga_04_hdmi_output/arm_fpga_04_hdmi_output.srcs/sources_1/bd/design_1/design_1.bd] -top
INFO: [BD 41-1662] The design 'design_1.bd' is already validated. Therefore parameter propagation will not be re-run.
Wrote  : <C:\Users\Saad\Desktop\arm_fpga_04_hdmi_output\arm_fpga_04_hdmi_output.srcs\sources_1\bd\design_1\design_1.bd> 
VHDL Output written to : c:/Users/Saad/Desktop/arm_fpga_04_hdmi_output/arm_fpga_04_hdmi_output.gen/sources_1/bd/design_1/synth/design_1.v
VHDL Output written to : c:/Users/Saad/Desktop/arm_fpga_04_hdmi_output/arm_fpga_04_hdmi_output.gen/sources_1/bd/design_1/sim/design_1.v
VHDL Output written to : c:/Users/Saad/Desktop/arm_fpga_04_hdmi_output/arm_fpga_04_hdmi_output.gen/sources_1/bd/design_1/hdl/design_1_wrapper.v
make_wrapper: Time (s): cpu = 00:00:16 ; elapsed = 00:00:32 . Memory (MB): peak = 1802.129 ; gain = 211.938
reset_run synth_1
WARNING: [Vivado 12-1017] Problems encountered:
1. Failed to delete one or more files in run directory C:/Users/Saad/Desktop/arm_fpga_04_hdmi_output/arm_fpga_04_hdmi_output.runs/synth_1

launch_runs impl_1 -to_step write_bitstream -jobs 8
INFO: [BD 41-1662] The design 'design_1.bd' is already validated. Therefore parameter propagation will not be re-run.
Wrote  : <C:\Users\Saad\Desktop\arm_fpga_04_hdmi_output\arm_fpga_04_hdmi_output.srcs\sources_1\bd\design_1\design_1.bd> 
Wrote  : <C:/Users/Saad/Desktop/arm_fpga_04_hdmi_output/arm_fpga_04_hdmi_output.srcs/sources_1/bd/design_1/ui/bd_1f5defd0.ui> 
VHDL Output written to : c:/Users/Saad/Desktop/arm_fpga_04_hdmi_output/arm_fpga_04_hdmi_output.gen/sources_1/bd/design_1/synth/design_1.v
VHDL Output written to : c:/Users/Saad/Desktop/arm_fpga_04_hdmi_output/arm_fpga_04_hdmi_output.gen/sources_1/bd/design_1/sim/design_1.v
VHDL Output written to : c:/Users/Saad/Desktop/arm_fpga_04_hdmi_output/arm_fpga_04_hdmi_output.gen/sources_1/bd/design_1/hdl/design_1_wrapper.v
Exporting to file c:/Users/Saad/Desktop/arm_fpga_04_hdmi_output/arm_fpga_04_hdmi_output.gen/sources_1/bd/design_1/ip/design_1_axi_smc_0/bd_0/hw_handoff/design_1_axi_smc_0.hwh
Generated Hardware Definition File c:/Users/Saad/Desktop/arm_fpga_04_hdmi_output/arm_fpga_04_hdmi_output.gen/sources_1/bd/design_1/ip/design_1_axi_smc_0/bd_0/synth/design_1_axi_smc_0.hwdef
INFO: [BD 41-1029] Generation completed for the IP Integrator block axi_smc .
INFO: [BD 41-1029] Generation completed for the IP Integrator block axis_sobel_0 .
WARNING: [IP_Flow 19-4994] Overwriting existing constraint file 'c:/Users/Saad/Desktop/arm_fpga_04_hdmi_output/arm_fpga_04_hdmi_output.gen/sources_1/bd/design_1/ip/design_1_auto_pc_0/design_1_auto_pc_0_ooc.xdc'
INFO: [BD 41-1029] Generation completed for the IP Integrator block ps7_0_axi_periph/s00_couplers/auto_pc .
Exporting to file c:/Users/Saad/Desktop/arm_fpga_04_hdmi_output/arm_fpga_04_hdmi_output.gen/sources_1/bd/design_1/hw_handoff/design_1.hwh
Generated Hardware Definition File c:/Users/Saad/Desktop/arm_fpga_04_hdmi_output/arm_fpga_04_hdmi_output.gen/sources_1/bd/design_1/synth/design_1.hwdef
INFO: [IP_Flow 19-4993] Using cached IP synthesis design for IP design_1_auto_pc_0, cache-ID = 4c748482f538fe3b; cache size = 42.761 MB.
INFO: [IP_Flow 19-4993] Using cached IP synthesis design for IP design_1_axi_smc_0, cache-ID = c363be812b0c6a8c; cache size = 42.761 MB.
[Wed Jun  3 23:25:19 2026] Launched design_1_axis_sobel_0_0_synth_1, synth_1...
Run output will be captured here:
design_1_axis_sobel_0_0_synth_1: C:/Users/Saad/Desktop/arm_fpga_04_hdmi_output/arm_fpga_04_hdmi_output.runs/design_1_axis_sobel_0_0_synth_1/runme.log
synth_1: C:/Users/Saad/Desktop/arm_fpga_04_hdmi_output/arm_fpga_04_hdmi_output.runs/synth_1/runme.log
[Wed Jun  3 23:25:19 2026] Launched impl_1...
Run output will be captured here: C:/Users/Saad/Desktop/arm_fpga_04_hdmi_output/arm_fpga_04_hdmi_output.runs/impl_1/runme.log
launch_runs: Time (s): cpu = 00:00:11 ; elapsed = 00:00:12 . Memory (MB): peak = 1823.895 ; gain = 21.766
write_hw_platform -fixed -include_bit -force -file C:/Users/Saad/Desktop/arm_fpga_04_hdmi_output/sobel.xsa
INFO: [Vivado 12-4895] Creating Hardware Platform: C:/Users/Saad/Desktop/arm_fpga_04_hdmi_output/sobel.xsa ...
INFO: [Vivado 12-12464] The Hardware Platform can be used for Hardware
INFO: [Vivado 12-4896] Successfully created Hardware Platform: C:/Users/Saad/Desktop/arm_fpga_04_hdmi_output/sobel.xsa
write_hw_platform: Time (s): cpu = 00:00:05 ; elapsed = 00:00:05 . Memory (MB): peak = 2002.391 ; gain = 178.496
INFO: [Hsi 55-2053] elapsed time for repository (D:/Vivado/2021.2/data/embeddedsw) loading 4 seconds
exit
INFO: [Common 17-206] Exiting Vivado at Thu Jun  4 00:37:13 2026...
