#-----------------------------------------------------------
# Vivado v2021.2 (64-bit)
# SW Build 3367213 on Tue Oct 19 02:48:09 MDT 2021
# IP Build 3369179 on Thu Oct 21 08:25:16 MDT 2021
# Start of session at: Sun May 31 00:36:51 2026
# Process ID: 29808
# Current directory: C:/Users/Saad/Desktop/arm_fpga_04_hdmi_output
# Command line: vivado.exe -gui_launcher_event rodinguilauncherevent29484 C:\Users\Saad\Desktop\arm_fpga_04_hdmi_output\arm_fpga_04_hdmi_output.xpr
# Log file: C:/Users/Saad/Desktop/arm_fpga_04_hdmi_output/vivado.log
# Journal file: C:/Users/Saad/Desktop/arm_fpga_04_hdmi_output\vivado.jou
# Running On: DESKTOP-N4P9TIA, OS: Windows, CPU Frequency: 4008 MHz, CPU Physical cores: 6, Host memory: 16943 MB
#-----------------------------------------------------------
start_gui
WARNING: [Board 49-26] cannot add Board Part xilinx.com:kcu105:part0:1.6 available at D:/Vivado/2021.2/data/xhub/boards/XilinxBoardStore/boards/Xilinx/kcu105/1.6/board.xml as part xcku040-ffva1156-2-e specified in board_part file is either invalid or not available
WARNING: [Board 49-26] cannot add Board Part xilinx.com:kcu105:part0:1.7 available at D:/Vivado/2021.2/data/xhub/boards/XilinxBoardStore/boards/Xilinx/kcu105/1.7/board.xml as part xcku040-ffva1156-2-e specified in board_part file is either invalid or not available
WARNING: [Board 49-26] cannot add Board Part xilinx.com:kcu116:part0:1.4 available at D:/Vivado/2021.2/data/xhub/boards/XilinxBoardStore/boards/Xilinx/kcu116/1.4/board.xml as part xcku5p-ffvb676-2-e specified in board_part file is either invalid or not available
WARNING: [Board 49-26] cannot add Board Part xilinx.com:kcu116:part0:1.5 available at D:/Vivado/2021.2/data/xhub/boards/XilinxBoardStore/boards/Xilinx/kcu116/1.5/board.xml as part xcku5p-ffvb676-2-e specified in board_part file is either invalid or not available
WARNING: [Board 49-26] cannot add Board Part xilinx.com:vck190_es:part0:1.3 available at D:/Vivado/2021.2/data/xhub/boards/XilinxBoardStore/boards/Xilinx/vck190/es/1.3/board.xml as part xcvc1902-vsva2197-2mp-e-s-es1 specified in board_part file is either invalid or not available
WARNING: [Board 49-26] cannot add Board Part xilinx.com:vcu108:part0:1.6 available at D:/Vivado/2021.2/data/xhub/boards/XilinxBoardStore/boards/Xilinx/vcu108/1.6/board.xml as part xcvu095-ffva2104-2-e specified in board_part file is either invalid or not available
WARNING: [Board 49-26] cannot add Board Part xilinx.com:vcu108:part0:1.7 available at D:/Vivado/2021.2/data/xhub/boards/XilinxBoardStore/boards/Xilinx/vcu108/1.7/board.xml as part xcvu095-ffva2104-2-e specified in board_part file is either invalid or not available
WARNING: [Board 49-26] cannot add Board Part xilinx.com:vcu110:part0:1.4 available at D:/Vivado/2021.2/data/xhub/boards/XilinxBoardStore/boards/Xilinx/vcu110/1.4/board.xml as part xcvu190-flgc2104-2-e specified in board_part file is either invalid or not available
WARNING: [Board 49-26] cannot add Board Part xilinx.com:vcu128:part0:1.0 available at D:/Vivado/2021.2/data/xhub/boards/XilinxBoardStore/boards/Xilinx/vcu128/production/1.0/board.xml as part xcvu37p-fsvh2892-2l-e specified in board_part file is either invalid or not available
WARNING: [Board 49-26] cannot add Board Part xilinx.com:vcu129:part0:1.0 available at D:/Vivado/2021.2/data/xhub/boards/XilinxBoardStore/boards/Xilinx/vcu129/production/1.0/board.xml as part xcvu29p-fsga2577-2l-e specified in board_part file is either invalid or not available
WARNING: [Board 49-26] cannot add Board Part xilinx.com:vmk180:part0:2.2 available at D:/Vivado/2021.2/data/xhub/boards/XilinxBoardStore/boards/Xilinx/vmk180/production/2.2/board.xml as part xcvm1802-vsva2197-2mp-e-s specified in board_part file is either invalid or not available
WARNING: [Board 49-26] cannot add Board Part xilinx.com:vmk180_es:part0:1.3 available at D:/Vivado/2021.2/data/xhub/boards/XilinxBoardStore/boards/Xilinx/vmk180/es/1.3/board.xml as part xcvm1802-vsva2197-2mp-e-s-es1 specified in board_part file is either invalid or not available
WARNING: [Board 49-26] cannot add Board Part xilinx.com:vpk120_es:part0:1.2 available at D:/Vivado/2021.2/data/xhub/boards/XilinxBoardStore/boards/Xilinx/vpk120/es/1.2/board.xml as part xcvp1202-vsva2785-2mp-e-s-es1 specified in board_part file is either invalid or not available
WARNING: [Board 49-26] cannot add Board Part xilinx.com:zcu208_es:part0:1.0 available at D:/Vivado/2021.2/data/xhub/boards/XilinxBoardStore/boards/Xilinx/zcu208/es/1.0/board.xml as part xczu48dr-fsvg1517-2-e-es1 specified in board_part file is either invalid or not available
WARNING: [Board 49-26] cannot add Board Part xilinx.com:zcu208_es:part0:1.1 available at D:/Vivado/2021.2/data/xhub/boards/XilinxBoardStore/boards/Xilinx/zcu208/es/1.1/board.xml as part xczu48dr-fsvg1517-2-e-es1 specified in board_part file is either invalid or not available
WARNING: [Board 49-26] cannot add Board Part xilinx.com:zcu208_es:part0:1.2 available at D:/Vivado/2021.2/data/xhub/boards/XilinxBoardStore/boards/Xilinx/zcu208/es/1.2/board.xml as part xczu48dr-fsvg1517-2-e-es1 specified in board_part file is either invalid or not available
WARNING: [Board 49-26] cannot add Board Part xilinx.com:zcu208ld:part0:2.0 available at D:/Vivado/2021.2/data/xhub/boards/XilinxBoardStore/boards/Xilinx/zcu208ld/production/2.0/board.xml as part xczu58dr-fsvg1517-2-i specified in board_part file is either invalid or not available
WARNING: [Board 49-26] cannot add Board Part xilinx.com:zcu208ld_es:part0:1.0 available at D:/Vivado/2021.2/data/xhub/boards/XilinxBoardStore/boards/Xilinx/zcu208ld/es/1.0/board.xml as part xczu58dr-fsvg1517-2-i-es1 specified in board_part file is either invalid or not available
WARNING: [Board 49-26] cannot add Board Part xilinx.com:zcu216_es:part0:1.0 available at D:/Vivado/2021.2/data/xhub/boards/XilinxBoardStore/boards/Xilinx/zcu216/es/1.0/board.xml as part xczu49dr-ffvf1760-2-e-es1 specified in board_part file is either invalid or not available
WARNING: [Board 49-26] cannot add Board Part xilinx.com:zcu216_es:part0:1.1 available at D:/Vivado/2021.2/data/xhub/boards/XilinxBoardStore/boards/Xilinx/zcu216/es/1.1/board.xml as part xczu49dr-ffvf1760-2-e-es1 specified in board_part file is either invalid or not available
WARNING: [Board 49-26] cannot add Board Part xilinx.com:zcu216_es:part0:1.2 available at D:/Vivado/2021.2/data/xhub/boards/XilinxBoardStore/boards/Xilinx/zcu216/es/1.2/board.xml as part xczu49dr-ffvf1760-2-e-es1 specified in board_part file is either invalid or not available
WARNING: [Board 49-26] cannot add Board Part xilinx.com:zcu216ld:part0:2.0 available at D:/Vivado/2021.2/data/xhub/boards/XilinxBoardStore/boards/Xilinx/zcu216ld/production/2.0/board.xml as part xczu59dr-ffvf1760-2-i specified in board_part file is either invalid or not available
WARNING: [Board 49-26] cannot add Board Part xilinx.com:zcu216ld_es:part0:1.0 available at D:/Vivado/2021.2/data/xhub/boards/XilinxBoardStore/boards/Xilinx/zcu216ld/es/1.0/board.xml as part xczu59dr-ffvf1760-2-i-es1 specified in board_part file is either invalid or not available
WARNING: [Board 49-26] cannot add Board Part xilinx.com:zcu670:part0:1.0 available at D:/Vivado/2021.2/data/xhub/boards/XilinxBoardStore/boards/Xilinx/zcu670/1.0/board.xml as part xczu67dr-fsve1156-2-i specified in board_part file is either invalid or not available
open_project C:/Users/Saad/Desktop/arm_fpga_04_hdmi_output/arm_fpga_04_hdmi_output.xpr
INFO: [Project 1-313] Project file moved from 'C:/Users/Administrator/Desktop/ZYNQ_MINI/arm_fpga_04_hdmi_output' since last save.
Scanning sources...
Finished scanning sources
INFO: [IP_Flow 19-234] Refreshing IP repositories
INFO: [IP_Flow 19-1700] Loaded user IP repository 'c:/Users/Saad/Desktop/arm_fpga_04_hdmi_output/repo'.
INFO: [IP_Flow 19-2313] Loaded Vivado IP repository 'D:/Vivado/2021.2/data/ip'.
WARNING: [BD 41-1661] One or more IPs have been locked in the design 'design_1.bd'. Please run report_ip_status for more details and recommendations on how to fix this issue.
List of locked IPs:
design_1_axi_vdma_0_0
design_1_axi_smc_0
design_1_xbar_0
design_1_ps7_0_axi_periph_0
design_1_v_axi4s_vid_out_0_0
design_1_axis_subset_converter_0_0
design_1_v_tc_0_0
design_1_xlconstant_0_0
design_1_axi_gpio_0_0
design_1_xlconstant_1_0
design_1_xlconcat_0_0
design_1_auto_pc_0

INFO: [Project 1-230] Project 'arm_fpga_04_hdmi_output.xpr' upgraded for this version of Vivado.
open_project: Time (s): cpu = 00:00:20 ; elapsed = 00:00:13 . Memory (MB): peak = 1362.766 ; gain = 0.000
upgrade_project -migrate_output_products
INFO: [BD 41-2710] Migrated 'design_1_processing_system7_0_0.xci'
  Source files are located in 'c:/Users/Saad/Desktop/arm_fpga_04_hdmi_output/arm_fpga_04_hdmi_output.srcs/sources_1/bd/design_1/ip/design_1_processing_system7_0_0'
  Output files are located in 'c:/Users/Saad/Desktop/arm_fpga_04_hdmi_output/arm_fpga_04_hdmi_output.gen/sources_1/bd/design_1/ip/design_1_processing_system7_0_0'.
WARNING: [IP_Flow 19-2162] IP 'design_1_axi_vdma_0_0' is locked:
* IP definition 'AXI Video Direct Memory Access (6.3)' for IP 'design_1_axi_vdma_0_0' (customized with software release 2018.3) has a different revision in the IP Catalog.
INFO: [BD 41-2710] Migrated 'design_1_axi_vdma_0_0.xci'
  Source files are located in 'c:/Users/Saad/Desktop/arm_fpga_04_hdmi_output/arm_fpga_04_hdmi_output.srcs/sources_1/bd/design_1/ip/design_1_axi_vdma_0_0'
  Output files are located in 'c:/Users/Saad/Desktop/arm_fpga_04_hdmi_output/arm_fpga_04_hdmi_output.gen/sources_1/bd/design_1/ip/design_1_axi_vdma_0_0'.
WARNING: [IP_Flow 19-2162] IP 'bd_afc3_one_0' is locked:
* IP definition 'Constant (1.1)' for IP 'bd_afc3_one_0' (customized with software release 2018.3) has a different revision in the IP Catalog.
WARNING: [IP_Flow 19-2162] IP 'bd_afc3_s00mmu_0' is locked:
* IP definition 'SC MMU (1.0)' for IP 'bd_afc3_s00mmu_0' (customized with software release 2018.3) has a different revision in the IP Catalog.
WARNING: [IP_Flow 19-2162] IP 'bd_afc3_s00tr_0' is locked:
* IP definition 'SC TRANSACTION_REGULATOR (1.0)' for IP 'bd_afc3_s00tr_0' (customized with software release 2018.3) has a different revision in the IP Catalog.
WARNING: [IP_Flow 19-2162] IP 'bd_afc3_s00sic_0' is locked:
* IP definition 'SC SI_CONVERTER (1.0)' for IP 'bd_afc3_s00sic_0' (customized with software release 2018.3) has a different revision in the IP Catalog.
WARNING: [IP_Flow 19-2162] IP 'bd_afc3_sarn_0' is locked:
* IP definition 'SmartConnect Node (1.0)' for IP 'bd_afc3_sarn_0' (customized with software release 2018.3) has a different revision in the IP Catalog.
WARNING: [IP_Flow 19-2162] IP 'bd_afc3_srn_0' is locked:
* IP definition 'SmartConnect Node (1.0)' for IP 'bd_afc3_srn_0' (customized with software release 2018.3) has a different revision in the IP Catalog.
WARNING: [IP_Flow 19-2162] IP 'bd_afc3_m00e_0' is locked:
* IP definition 'SC EXIT (1.0)' for IP 'bd_afc3_m00e_0' (customized with software release 2018.3) has a different revision in the IP Catalog.
WARNING: [IP_Flow 19-2162] IP 'design_1_axi_smc_0' is locked:
* IP definition 'AXI SmartConnect (1.0)' for IP 'design_1_axi_smc_0' (customized with software release 2018.3) has a different revision in the IP Catalog. * IP 'design_1_axi_smc_0' contains one or more locked subcores.
INFO: [BD 41-2710] Migrated 'design_1_axi_smc_0.xci'
  Source files are located in 'c:/Users/Saad/Desktop/arm_fpga_04_hdmi_output/arm_fpga_04_hdmi_output.srcs/sources_1/bd/design_1/ip/design_1_axi_smc_0'
  Output files are located in 'c:/Users/Saad/Desktop/arm_fpga_04_hdmi_output/arm_fpga_04_hdmi_output.gen/sources_1/bd/design_1/ip/design_1_axi_smc_0'.
INFO: [BD 41-2710] Migrated 'design_1_rst_ps7_0_142M_0.xci'
  Source files are located in 'c:/Users/Saad/Desktop/arm_fpga_04_hdmi_output/arm_fpga_04_hdmi_output.srcs/sources_1/bd/design_1/ip/design_1_rst_ps7_0_142M_0'
  Output files are located in 'c:/Users/Saad/Desktop/arm_fpga_04_hdmi_output/arm_fpga_04_hdmi_output.gen/sources_1/bd/design_1/ip/design_1_rst_ps7_0_142M_0'.
WARNING: [IP_Flow 19-2162] IP 'design_1_ps7_0_axi_periph_0' is locked:
* IP definition 'AXI Interconnect (2.1)' for IP 'design_1_ps7_0_axi_periph_0' (customized with software release 2018.3) has a different revision in the IP Catalog.
INFO: [BD 41-2710] Migrated 'design_1_ps7_0_axi_periph_0.xci'
  Source files are located in 'c:/Users/Saad/Desktop/arm_fpga_04_hdmi_output/arm_fpga_04_hdmi_output.srcs/sources_1/bd/design_1/ip/design_1_ps7_0_axi_periph_0'
  Output files are located in 'c:/Users/Saad/Desktop/arm_fpga_04_hdmi_output/arm_fpga_04_hdmi_output.gen/sources_1/bd/design_1/ip/design_1_ps7_0_axi_periph_0'.
INFO: [BD 41-2710] Migrated 'design_1_rst_ps7_0_100M_0.xci'
  Source files are located in 'c:/Users/Saad/Desktop/arm_fpga_04_hdmi_output/arm_fpga_04_hdmi_output.srcs/sources_1/bd/design_1/ip/design_1_rst_ps7_0_100M_0'
  Output files are located in 'c:/Users/Saad/Desktop/arm_fpga_04_hdmi_output/arm_fpga_04_hdmi_output.gen/sources_1/bd/design_1/ip/design_1_rst_ps7_0_100M_0'.
WARNING: [IP_Flow 19-2162] IP 'design_1_axis_subset_converter_0_0' is locked:
* IP definition 'AXI4-Stream Subset Converter (1.1)' for IP 'design_1_axis_subset_converter_0_0' (customized with software release 2018.3) has a different revision in the IP Catalog.
INFO: [BD 41-2710] Migrated 'design_1_axis_subset_converter_0_0.xci'
  Source files are located in 'c:/Users/Saad/Desktop/arm_fpga_04_hdmi_output/arm_fpga_04_hdmi_output.srcs/sources_1/bd/design_1/ip/design_1_axis_subset_converter_0_0'
  Output files are located in 'c:/Users/Saad/Desktop/arm_fpga_04_hdmi_output/arm_fpga_04_hdmi_output.gen/sources_1/bd/design_1/ip/design_1_axis_subset_converter_0_0'.
WARNING: [IP_Flow 19-2162] IP 'design_1_xlconstant_0_0' is locked:
* IP definition 'Constant (1.1)' for IP 'design_1_xlconstant_0_0' (customized with software release 2018.3) has a different revision in the IP Catalog.
INFO: [BD 41-2710] Migrated 'design_1_xlconstant_0_0.xci'
  Source files are located in 'c:/Users/Saad/Desktop/arm_fpga_04_hdmi_output/arm_fpga_04_hdmi_output.srcs/sources_1/bd/design_1/ip/design_1_xlconstant_0_0'
  Output files are located in 'c:/Users/Saad/Desktop/arm_fpga_04_hdmi_output/arm_fpga_04_hdmi_output.gen/sources_1/bd/design_1/ip/design_1_xlconstant_0_0'.
WARNING: [IP_Flow 19-2162] IP 'design_1_xbar_0' is locked:
* IP definition 'AXI Crossbar (2.1)' for IP 'design_1_xbar_0' (customized with software release 2018.3) has a different revision in the IP Catalog.
INFO: [BD 41-2710] Migrated 'design_1_xbar_0.xci'
  Source files are located in 'c:/Users/Saad/Desktop/arm_fpga_04_hdmi_output/arm_fpga_04_hdmi_output.srcs/sources_1/bd/design_1/ip/design_1_xbar_0'
  Output files are located in 'c:/Users/Saad/Desktop/arm_fpga_04_hdmi_output/arm_fpga_04_hdmi_output.gen/sources_1/bd/design_1/ip/design_1_xbar_0'.
WARNING: [IP_Flow 19-2162] IP 'design_1_v_axi4s_vid_out_0_0' is locked:
* IP definition 'AXI4-Stream to Video Out (4.0)' for IP 'design_1_v_axi4s_vid_out_0_0' (customized with software release 2018.3) has a different revision in the IP Catalog.
INFO: [BD 41-2710] Migrated 'design_1_v_axi4s_vid_out_0_0.xci'
  Source files are located in 'c:/Users/Saad/Desktop/arm_fpga_04_hdmi_output/arm_fpga_04_hdmi_output.srcs/sources_1/bd/design_1/ip/design_1_v_axi4s_vid_out_0_0'
  Output files are located in 'c:/Users/Saad/Desktop/arm_fpga_04_hdmi_output/arm_fpga_04_hdmi_output.gen/sources_1/bd/design_1/ip/design_1_v_axi4s_vid_out_0_0'.
WARNING: [IP_Flow 19-2162] IP 'design_1_v_tc_0_0' is locked:
* IP definition 'Video Timing Controller (6.1)' for IP 'design_1_v_tc_0_0' (customized with software release 2018.3) has a newer minor version in the IP Catalog. * The IP Data in the repository is incompatible with the current instance (despite having identical Version and Revision). You will need to upgrade the IP before viewing the customization and generating outputs.
INFO: [BD 41-2710] Migrated 'design_1_v_tc_0_0.xci'
  Source files are located in 'c:/Users/Saad/Desktop/arm_fpga_04_hdmi_output/arm_fpga_04_hdmi_output.srcs/sources_1/bd/design_1/ip/design_1_v_tc_0_0'
  Output files are located in 'c:/Users/Saad/Desktop/arm_fpga_04_hdmi_output/arm_fpga_04_hdmi_output.gen/sources_1/bd/design_1/ip/design_1_v_tc_0_0'.
INFO: [BD 41-2710] Migrated 'design_1_rgb2dvi_0_0.xci'
  Source files are located in 'c:/Users/Saad/Desktop/arm_fpga_04_hdmi_output/arm_fpga_04_hdmi_output.srcs/sources_1/bd/design_1/ip/design_1_rgb2dvi_0_0'
  Output files are located in 'c:/Users/Saad/Desktop/arm_fpga_04_hdmi_output/arm_fpga_04_hdmi_output.gen/sources_1/bd/design_1/ip/design_1_rgb2dvi_0_0'.
INFO: [BD 41-2710] Migrated 'design_1_axi_dynclk_0_0.xci'
  Source files are located in 'c:/Users/Saad/Desktop/arm_fpga_04_hdmi_output/arm_fpga_04_hdmi_output.srcs/sources_1/bd/design_1/ip/design_1_axi_dynclk_0_0'
  Output files are located in 'c:/Users/Saad/Desktop/arm_fpga_04_hdmi_output/arm_fpga_04_hdmi_output.gen/sources_1/bd/design_1/ip/design_1_axi_dynclk_0_0'.
WARNING: [IP_Flow 19-2162] IP 'design_1_axi_gpio_0_0' is locked:
* IP definition 'AXI GPIO (2.0)' for IP 'design_1_axi_gpio_0_0' (customized with software release 2018.3) has a different revision in the IP Catalog.
INFO: [BD 41-2710] Migrated 'design_1_axi_gpio_0_0.xci'
  Source files are located in 'c:/Users/Saad/Desktop/arm_fpga_04_hdmi_output/arm_fpga_04_hdmi_output.srcs/sources_1/bd/design_1/ip/design_1_axi_gpio_0_0'
  Output files are located in 'c:/Users/Saad/Desktop/arm_fpga_04_hdmi_output/arm_fpga_04_hdmi_output.gen/sources_1/bd/design_1/ip/design_1_axi_gpio_0_0'.
WARNING: [IP_Flow 19-2162] IP 'design_1_xlconstant_1_0' is locked:
* IP definition 'Constant (1.1)' for IP 'design_1_xlconstant_1_0' (customized with software release 2018.3) has a different revision in the IP Catalog.
INFO: [BD 41-2710] Migrated 'design_1_xlconstant_1_0.xci'
  Source files are located in 'c:/Users/Saad/Desktop/arm_fpga_04_hdmi_output/arm_fpga_04_hdmi_output.srcs/sources_1/bd/design_1/ip/design_1_xlconstant_1_0'
  Output files are located in 'c:/Users/Saad/Desktop/arm_fpga_04_hdmi_output/arm_fpga_04_hdmi_output.gen/sources_1/bd/design_1/ip/design_1_xlconstant_1_0'.
WARNING: [IP_Flow 19-2162] IP 'design_1_xlconcat_0_0' is locked:
* IP definition 'Concat (2.1)' for IP 'design_1_xlconcat_0_0' (customized with software release 2018.3) has a different revision in the IP Catalog.
INFO: [BD 41-2710] Migrated 'design_1_xlconcat_0_0.xci'
  Source files are located in 'c:/Users/Saad/Desktop/arm_fpga_04_hdmi_output/arm_fpga_04_hdmi_output.srcs/sources_1/bd/design_1/ip/design_1_xlconcat_0_0'
  Output files are located in 'c:/Users/Saad/Desktop/arm_fpga_04_hdmi_output/arm_fpga_04_hdmi_output.gen/sources_1/bd/design_1/ip/design_1_xlconcat_0_0'.
WARNING: [IP_Flow 19-2162] IP 'design_1_auto_pc_0' is locked:
* IP definition 'AXI Protocol Converter (2.1)' for IP 'design_1_auto_pc_0' (customized with software release 2018.3) has a different revision in the IP Catalog.
INFO: [BD 41-2710] Migrated 'design_1_auto_pc_0.xci'
  Source files are located in 'c:/Users/Saad/Desktop/arm_fpga_04_hdmi_output/arm_fpga_04_hdmi_output.srcs/sources_1/bd/design_1/ip/design_1_auto_pc_0'
  Output files are located in 'c:/Users/Saad/Desktop/arm_fpga_04_hdmi_output/arm_fpga_04_hdmi_output.gen/sources_1/bd/design_1/ip/design_1_auto_pc_0'.
upgrade_project: Time (s): cpu = 00:00:07 ; elapsed = 00:00:05 . Memory (MB): peak = 1362.766 ; gain = 0.000
report_ip_status -name ip_status 
update_compile_order -fileset sources_1
upgrade_ip [get_ips  {design_1_axi_vdma_0_0 design_1_xlconstant_1_0 design_1_axi_gpio_0_0 design_1_ps7_0_axi_periph_0 design_1_xlconstant_0_0 design_1_v_tc_0_0 design_1_axis_subset_converter_0_0 design_1_axi_smc_0 design_1_xlconcat_0_0 design_1_v_axi4s_vid_out_0_0}] -log ip_upgrade.log
Reading block design file <C:/Users/Saad/Desktop/arm_fpga_04_hdmi_output/arm_fpga_04_hdmi_output.srcs/sources_1/bd/design_1/design_1.bd>...
Adding component instance block -- xilinx.com:ip:processing_system7:5.5 - processing_system7_0
Adding component instance block -- xilinx.com:ip:axi_vdma:6.3 - axi_vdma_0
Adding component instance block -- xilinx.com:ip:smartconnect:1.0 - axi_smc
Adding component instance block -- xilinx.com:ip:proc_sys_reset:5.0 - rst_ps7_0_142M
Adding component instance block -- xilinx.com:ip:axi_interconnect:2.1 - ps7_0_axi_periph
Adding component instance block -- xilinx.com:ip:axi_crossbar:2.1 - xbar
Adding component instance block -- xilinx.com:ip:axi_protocol_converter:2.1 - auto_pc
Adding component instance block -- xilinx.com:ip:proc_sys_reset:5.0 - rst_ps7_0_100M
Adding component instance block -- xilinx.com:ip:axis_subset_converter:1.1 - axis_subset_converter_0
Adding component instance block -- xilinx.com:ip:xlconstant:1.1 - xlconstant_0
Adding component instance block -- xilinx.com:ip:v_axi4s_vid_out:4.0 - v_axi4s_vid_out_0
Adding component instance block -- xilinx.com:ip:v_tc:6.1 - v_tc_0
Adding component instance block -- digilentinc.com:ip:axi_dynclk:1.0 - axi_dynclk_0
Adding component instance block -- xilinx.com:ip:axi_gpio:2.0 - axi_gpio_0
Adding component instance block -- xilinx.com:ip:xlconstant:1.1 - xlconstant_1
Adding component instance block -- xilinx.com:ip:xlconcat:2.1 - xlconcat_0
Adding component instance block -- digilentinc.com:ip:rgb2dvi:1.2 - rgb2dvi_0
Successfully read diagram <design_1> from block design file <C:/Users/Saad/Desktop/arm_fpga_04_hdmi_output/arm_fpga_04_hdmi_output.srcs/sources_1/bd/design_1/design_1.bd>
Upgrading 'C:/Users/Saad/Desktop/arm_fpga_04_hdmi_output/arm_fpga_04_hdmi_output.srcs/sources_1/bd/design_1/design_1.bd'
INFO: [IP_Flow 19-3422] Upgraded design_1_axi_gpio_0_0 (AXI GPIO 2.0) from revision 20 to revision 27
INFO: [IP_Flow 19-3422] Upgraded design_1_axi_smc_0 (AXI SmartConnect 1.0) from revision 10 to revision 17
INFO: [IP_Flow 19-3422] Upgraded design_1_axi_vdma_0_0 (AXI Video Direct Memory Access 6.3) from revision 6 to revision 13
INFO: [IP_Flow 19-3422] Upgraded design_1_axis_subset_converter_0_0 (AXI4-Stream Subset Converter 1.1) from revision 18 to revision 25
INFO: [IP_Flow 19-3422] Upgraded design_1_ps7_0_axi_periph_0 (AXI Interconnect 2.1) from revision 19 to revision 26
INFO: [IP_Flow 19-3422] Upgraded design_1_v_axi4s_vid_out_0_0 (AXI4-Stream to Video Out 4.0) from revision 10 to revision 13
WARNING: [IP_Flow 19-4698] Upgrade has added port 'sof_state_out'
WARNING: [IP_Flow 19-3298] Detected external port differences while upgrading 'design_1_v_axi4s_vid_out_0_0'. These changes may impact your design.
WARNING: [IP_Flow 19-3374] An attempt to modify the value of disabled parameter 'GEN_F0_VSYNC_HSTART' from '640' to '1280' has been ignored for IP 'design_1_v_tc_0_0'
WARNING: [IP_Flow 19-3374] An attempt to modify the value of disabled parameter 'GEN_F0_VSYNC_HEND' from '695' to '1280' has been ignored for IP 'design_1_v_tc_0_0'
WARNING: [IP_Flow 19-3374] An attempt to modify the value of disabled parameter 'GEN_F0_VBLANK_HSTART' from '640' to '1280' has been ignored for IP 'design_1_v_tc_0_0'
WARNING: [IP_Flow 19-3374] An attempt to modify the value of disabled parameter 'GEN_F0_VBLANK_HEND' from '640' to '1280' has been ignored for IP 'design_1_v_tc_0_0'
WARNING: [IP_Flow 19-3374] An attempt to modify the value of disabled parameter 'GEN_F1_VSYNC_HSTART' from '695' to '1280' has been ignored for IP 'design_1_v_tc_0_0'
WARNING: [IP_Flow 19-3374] An attempt to modify the value of disabled parameter 'GEN_F1_VSYNC_HEND' from '695' to '1280' has been ignored for IP 'design_1_v_tc_0_0'
WARNING: [IP_Flow 19-3374] An attempt to modify the value of disabled parameter 'GEN_F1_VBLANK_HSTART' from '640' to '1280' has been ignored for IP 'design_1_v_tc_0_0'
WARNING: [IP_Flow 19-3374] An attempt to modify the value of disabled parameter 'GEN_F1_VBLANK_HEND' from '640' to '1280' has been ignored for IP 'design_1_v_tc_0_0'
WARNING: [IP_Flow 19-3501] Upgraded design_1_v_tc_0_0 from Video Timing Controller 6.1 to Video Timing Controller 6.2, with warnings. Please review the message log.
WARNING: [IP_Flow 19-4698] Upgrade has added port 'sof_state'
WARNING: [IP_Flow 19-3298] Detected external port differences while upgrading 'design_1_v_tc_0_0'. These changes may impact your design.
INFO: [IP_Flow 19-3422] Upgraded design_1_xlconcat_0_0 (Concat 2.1) from revision 1 to revision 4
INFO: [IP_Flow 19-3422] Upgraded design_1_xlconstant_0_0 (Constant 1.1) from revision 5 to revision 7
INFO: [IP_Flow 19-3422] Upgraded design_1_xlconstant_1_0 (Constant 1.1) from revision 5 to revision 7
CRITICAL WARNING: [Coretcl 2-1279] The upgrade of 'design_1_v_axi4s_vid_out_0_0' has identified issues that may require user intervention. Please review the upgrade log 'c:/Users/Saad/Desktop/arm_fpga_04_hdmi_output/ip_upgrade.log', and verify that the upgraded IP is correctly configured.
CRITICAL WARNING: [Coretcl 2-1279] The upgrade of 'design_1_v_tc_0_0' has identified issues that may require user intervention. Please review the upgrade log 'c:/Users/Saad/Desktop/arm_fpga_04_hdmi_output/ip_upgrade.log', and verify that the upgraded IP is correctly configured.
Wrote  : <C:\Users\Saad\Desktop\arm_fpga_04_hdmi_output\arm_fpga_04_hdmi_output.srcs\sources_1\bd\design_1\design_1.bd> 
Wrote  : <C:/Users/Saad/Desktop/arm_fpga_04_hdmi_output/arm_fpga_04_hdmi_output.srcs/sources_1/bd/design_1/ui/bd_1f5defd0.ui> 
INFO: [Coretcl 2-1525] Wrote upgrade log to 'C:/Users/Saad/Desktop/arm_fpga_04_hdmi_output/ip_upgrade.log'.
upgrade_ip: Time (s): cpu = 00:00:22 ; elapsed = 00:00:12 . Memory (MB): peak = 1362.766 ; gain = 0.000
export_ip_user_files -of_objects [get_ips {design_1_axi_vdma_0_0 design_1_xlconstant_1_0 design_1_axi_gpio_0_0 design_1_ps7_0_axi_periph_0 design_1_xlconstant_0_0 design_1_v_tc_0_0 design_1_axis_subset_converter_0_0 design_1_axi_smc_0 design_1_xlconcat_0_0 design_1_v_axi4s_vid_out_0_0}] -no_script -sync -force -quiet
generate_target all [get_files  C:/Users/Saad/Desktop/arm_fpga_04_hdmi_output/arm_fpga_04_hdmi_output.srcs/sources_1/bd/design_1/design_1.bd]
INFO: [xilinx.com:ip:smartconnect:1.0-1] design_1_axi_smc_0: SmartConnect design_1_axi_smc_0 is in High-performance Mode.
CRITICAL WARNING: [BD 41-1343] Reset pin /v_tc_0/resetn (associated clock /v_tc_0/clk) is connected to reset source /rst_ps7_0_100M/peripheral_aresetn (synchronous to clock source /processing_system7_0/FCLK_CLK0).
This may prevent design from meeting timing. Please add Processor System Reset module to create a reset that is synchronous to the associated clock source /axi_dynclk_0/PXL_CLK_O.
WARNING: [BD 41-927] Following properties on pin /axi_dynclk_0/REF_CLK_I have been updated from connected ip, but BD cell '/axi_dynclk_0' does not accept parameter changes, so they may not be synchronized with cell properties:
	PHASE = 0.000 
Please resolve any mismatches by directly setting properties on BD cell </axi_dynclk_0> to completely resolve these warnings.
WARNING: [BD 41-927] Following properties on pin /axi_dynclk_0/PXL_CLK_O have been updated from connected ip, but BD cell '/axi_dynclk_0' does not accept parameter changes, so they may not be synchronized with cell properties:
	PHASE = 0.000 
Please resolve any mismatches by directly setting properties on BD cell </axi_dynclk_0> to completely resolve these warnings.
WARNING: [BD 41-927] Following properties on pin /axi_dynclk_0/PXL_CLK_5X_O have been updated from connected ip, but BD cell '/axi_dynclk_0' does not accept parameter changes, so they may not be synchronized with cell properties:
	PHASE = 0.000 
Please resolve any mismatches by directly setting properties on BD cell </axi_dynclk_0> to completely resolve these warnings.
WARNING: [BD 41-927] Following properties on pin /axi_dynclk_0/s00_axi_aclk have been updated from connected ip, but BD cell '/axi_dynclk_0' does not accept parameter changes, so they may not be synchronized with cell properties:
	PHASE = 0.000 
Please resolve any mismatches by directly setting properties on BD cell </axi_dynclk_0> to completely resolve these warnings.
WARNING: [BD 41-927] Following properties on pin /rgb2dvi_0/PixelClk have been updated from connected ip, but BD cell '/rgb2dvi_0' does not accept parameter changes, so they may not be synchronized with cell properties:
	PHASE = 0.000 
Please resolve any mismatches by directly setting properties on BD cell </rgb2dvi_0> to completely resolve these warnings.
WARNING: [BD 41-927] Following properties on pin /rgb2dvi_0/SerialClk have been updated from connected ip, but BD cell '/rgb2dvi_0' does not accept parameter changes, so they may not be synchronized with cell properties:
	PHASE = 0.000 
Please resolve any mismatches by directly setting properties on BD cell </rgb2dvi_0> to completely resolve these warnings.
Wrote  : <C:\Users\Saad\Desktop\arm_fpga_04_hdmi_output\arm_fpga_04_hdmi_output.srcs\sources_1\bd\design_1\design_1.bd> 
VHDL Output written to : c:/Users/Saad/Desktop/arm_fpga_04_hdmi_output/arm_fpga_04_hdmi_output.gen/sources_1/bd/design_1/synth/design_1.v
VHDL Output written to : c:/Users/Saad/Desktop/arm_fpga_04_hdmi_output/arm_fpga_04_hdmi_output.gen/sources_1/bd/design_1/sim/design_1.v
VHDL Output written to : c:/Users/Saad/Desktop/arm_fpga_04_hdmi_output/arm_fpga_04_hdmi_output.gen/sources_1/bd/design_1/hdl/design_1_wrapper.v
INFO: [IP_Flow 19-5611] Unable to find an associated reset port for the interface 'M_AXI_GP0'. A default connection has been created.
INFO: [IP_Flow 19-5611] Unable to find an associated reset port for the interface 'S_AXI_HP0'. A default connection has been created.
INFO: [BD 41-1029] Generation completed for the IP Integrator block processing_system7_0 .
WARNING: [IP_Flow 19-4994] Overwriting existing constraint file 'c:/Users/Saad/Desktop/arm_fpga_04_hdmi_output/arm_fpga_04_hdmi_output.gen/sources_1/bd/design_1/ip/design_1_axi_vdma_0_0/design_1_axi_vdma_0_0_ooc.xdc'
INFO: [BD 41-1029] Generation completed for the IP Integrator block axi_vdma_0 .
Exporting to file c:/Users/Saad/Desktop/arm_fpga_04_hdmi_output/arm_fpga_04_hdmi_output.gen/sources_1/bd/design_1/ip/design_1_axi_smc_0/bd_0/hw_handoff/design_1_axi_smc_0.hwh
Generated Hardware Definition File c:/Users/Saad/Desktop/arm_fpga_04_hdmi_output/arm_fpga_04_hdmi_output.gen/sources_1/bd/design_1/ip/design_1_axi_smc_0/bd_0/synth/design_1_axi_smc_0.hwdef
INFO: [BD 41-1029] Generation completed for the IP Integrator block axi_smc .
INFO: [BD 41-1029] Generation completed for the IP Integrator block rst_ps7_0_142M .
INFO: [BD 41-1029] Generation completed for the IP Integrator block rst_ps7_0_100M .
WARNING: [IP_Flow 19-4994] Overwriting existing constraint file 'c:/Users/Saad/Desktop/arm_fpga_04_hdmi_output/arm_fpga_04_hdmi_output.gen/sources_1/bd/design_1/ip/design_1_axis_subset_converter_0_0/design_1_axis_subset_converter_0_0_ooc.xdc'
INFO: [BD 41-1029] Generation completed for the IP Integrator block axis_subset_converter_0 .
INFO: [BD 41-1029] Generation completed for the IP Integrator block xlconstant_0 .
INFO: [BD 41-1029] Generation completed for the IP Integrator block v_axi4s_vid_out_0 .
INFO: [BD 41-1029] Generation completed for the IP Integrator block v_tc_0 .
INFO: [BD 41-1029] Generation completed for the IP Integrator block rgb2dvi_0 .
INFO: [BD 41-1029] Generation completed for the IP Integrator block axi_dynclk_0 .
INFO: [BD 41-1029] Generation completed for the IP Integrator block axi_gpio_0 .
INFO: [BD 41-1029] Generation completed for the IP Integrator block xlconstant_1 .
INFO: [BD 41-1029] Generation completed for the IP Integrator block xlconcat_0 .
INFO: [BD 41-1029] Generation completed for the IP Integrator block ps7_0_axi_periph/xbar .
WARNING: [IP_Flow 19-4994] Overwriting existing constraint file 'c:/Users/Saad/Desktop/arm_fpga_04_hdmi_output/arm_fpga_04_hdmi_output.gen/sources_1/bd/design_1/ip/design_1_auto_pc_0/design_1_auto_pc_0_ooc.xdc'
INFO: [BD 41-1029] Generation completed for the IP Integrator block ps7_0_axi_periph/s00_couplers/auto_pc .
Exporting to file c:/Users/Saad/Desktop/arm_fpga_04_hdmi_output/arm_fpga_04_hdmi_output.gen/sources_1/bd/design_1/hw_handoff/design_1.hwh
Generated Hardware Definition File c:/Users/Saad/Desktop/arm_fpga_04_hdmi_output/arm_fpga_04_hdmi_output.gen/sources_1/bd/design_1/synth/design_1.hwdef
generate_target: Time (s): cpu = 00:00:47 ; elapsed = 00:00:47 . Memory (MB): peak = 1694.516 ; gain = 331.750
catch { config_ip_cache -export [get_ips -all design_1_processing_system7_0_0] }
catch { config_ip_cache -export [get_ips -all design_1_axi_vdma_0_0] }
catch { config_ip_cache -export [get_ips -all design_1_axi_smc_0] }
catch { config_ip_cache -export [get_ips -all design_1_rst_ps7_0_142M_0] }
catch { config_ip_cache -export [get_ips -all design_1_rst_ps7_0_100M_0] }
catch { config_ip_cache -export [get_ips -all design_1_axis_subset_converter_0_0] }
catch { config_ip_cache -export [get_ips -all design_1_v_axi4s_vid_out_0_0] }
catch { config_ip_cache -export [get_ips -all design_1_v_tc_0_0] }
catch { config_ip_cache -export [get_ips -all design_1_rgb2dvi_0_0] }
catch { config_ip_cache -export [get_ips -all design_1_axi_dynclk_0_0] }
catch { config_ip_cache -export [get_ips -all design_1_axi_gpio_0_0] }
catch { config_ip_cache -export [get_ips -all design_1_xbar_0] }
catch { config_ip_cache -export [get_ips -all design_1_auto_pc_0] }
export_ip_user_files -of_objects [get_files C:/Users/Saad/Desktop/arm_fpga_04_hdmi_output/arm_fpga_04_hdmi_output.srcs/sources_1/bd/design_1/design_1.bd] -no_script -sync -force -quiet
create_ip_run [get_files -of_objects [get_fileset sources_1] C:/Users/Saad/Desktop/arm_fpga_04_hdmi_output/arm_fpga_04_hdmi_output.srcs/sources_1/bd/design_1/design_1.bd]
launch_runs design_1_processing_system7_0_0_synth_1 design_1_rst_ps7_0_142M_0_synth_1 design_1_rst_ps7_0_100M_0_synth_1 design_1_rgb2dvi_0_0_synth_1 design_1_axi_dynclk_0_0_synth_1 design_1_axi_vdma_0_0_synth_1 design_1_axi_smc_0_synth_1 design_1_axis_subset_converter_0_0_synth_1 design_1_v_axi4s_vid_out_0_0_synth_1 design_1_v_tc_0_0_synth_1 design_1_axi_gpio_0_0_synth_1 design_1_xbar_0_synth_1 design_1_auto_pc_0_synth_1 -jobs 8
[Sun May 31 00:40:15 2026] Launched design_1_processing_system7_0_0_synth_1, design_1_rst_ps7_0_142M_0_synth_1, design_1_rst_ps7_0_100M_0_synth_1, design_1_rgb2dvi_0_0_synth_1, design_1_axi_dynclk_0_0_synth_1, design_1_axi_vdma_0_0_synth_1, design_1_axi_smc_0_synth_1, design_1_axis_subset_converter_0_0_synth_1, design_1_v_axi4s_vid_out_0_0_synth_1, design_1_v_tc_0_0_synth_1, design_1_axi_gpio_0_0_synth_1, design_1_xbar_0_synth_1, design_1_auto_pc_0_synth_1...
Run output will be captured here:
design_1_processing_system7_0_0_synth_1: C:/Users/Saad/Desktop/arm_fpga_04_hdmi_output/arm_fpga_04_hdmi_output.runs/design_1_processing_system7_0_0_synth_1/runme.log
design_1_rst_ps7_0_142M_0_synth_1: C:/Users/Saad/Desktop/arm_fpga_04_hdmi_output/arm_fpga_04_hdmi_output.runs/design_1_rst_ps7_0_142M_0_synth_1/runme.log
design_1_rst_ps7_0_100M_0_synth_1: C:/Users/Saad/Desktop/arm_fpga_04_hdmi_output/arm_fpga_04_hdmi_output.runs/design_1_rst_ps7_0_100M_0_synth_1/runme.log
design_1_rgb2dvi_0_0_synth_1: C:/Users/Saad/Desktop/arm_fpga_04_hdmi_output/arm_fpga_04_hdmi_output.runs/design_1_rgb2dvi_0_0_synth_1/runme.log
design_1_axi_dynclk_0_0_synth_1: C:/Users/Saad/Desktop/arm_fpga_04_hdmi_output/arm_fpga_04_hdmi_output.runs/design_1_axi_dynclk_0_0_synth_1/runme.log
design_1_axi_vdma_0_0_synth_1: C:/Users/Saad/Desktop/arm_fpga_04_hdmi_output/arm_fpga_04_hdmi_output.runs/design_1_axi_vdma_0_0_synth_1/runme.log
design_1_axi_smc_0_synth_1: C:/Users/Saad/Desktop/arm_fpga_04_hdmi_output/arm_fpga_04_hdmi_output.runs/design_1_axi_smc_0_synth_1/runme.log
design_1_axis_subset_converter_0_0_synth_1: C:/Users/Saad/Desktop/arm_fpga_04_hdmi_output/arm_fpga_04_hdmi_output.runs/design_1_axis_subset_converter_0_0_synth_1/runme.log
design_1_v_axi4s_vid_out_0_0_synth_1: C:/Users/Saad/Desktop/arm_fpga_04_hdmi_output/arm_fpga_04_hdmi_output.runs/design_1_v_axi4s_vid_out_0_0_synth_1/runme.log
design_1_v_tc_0_0_synth_1: C:/Users/Saad/Desktop/arm_fpga_04_hdmi_output/arm_fpga_04_hdmi_output.runs/design_1_v_tc_0_0_synth_1/runme.log
design_1_axi_gpio_0_0_synth_1: C:/Users/Saad/Desktop/arm_fpga_04_hdmi_output/arm_fpga_04_hdmi_output.runs/design_1_axi_gpio_0_0_synth_1/runme.log
design_1_xbar_0_synth_1: C:/Users/Saad/Desktop/arm_fpga_04_hdmi_output/arm_fpga_04_hdmi_output.runs/design_1_xbar_0_synth_1/runme.log
design_1_auto_pc_0_synth_1: C:/Users/Saad/Desktop/arm_fpga_04_hdmi_output/arm_fpga_04_hdmi_output.runs/design_1_auto_pc_0_synth_1/runme.log
export_simulation -of_objects [get_files C:/Users/Saad/Desktop/arm_fpga_04_hdmi_output/arm_fpga_04_hdmi_output.srcs/sources_1/bd/design_1/design_1.bd] -directory C:/Users/Saad/Desktop/arm_fpga_04_hdmi_output/arm_fpga_04_hdmi_output.ip_user_files/sim_scripts -ip_user_files_dir C:/Users/Saad/Desktop/arm_fpga_04_hdmi_output/arm_fpga_04_hdmi_output.ip_user_files -ipstatic_source_dir C:/Users/Saad/Desktop/arm_fpga_04_hdmi_output/arm_fpga_04_hdmi_output.ip_user_files/ipstatic -lib_map_path [list {modelsim=C:/Users/Saad/Desktop/arm_fpga_04_hdmi_output/arm_fpga_04_hdmi_output.cache/compile_simlib/modelsim} {questa=C:/Users/Saad/Desktop/arm_fpga_04_hdmi_output/arm_fpga_04_hdmi_output.cache/compile_simlib/questa} {riviera=C:/Users/Saad/Desktop/arm_fpga_04_hdmi_output/arm_fpga_04_hdmi_output.cache/compile_simlib/riviera} {activehdl=C:/Users/Saad/Desktop/arm_fpga_04_hdmi_output/arm_fpga_04_hdmi_output.cache/compile_simlib/activehdl}] -use_ip_compiled_libs -force -quiet
WARNING: [IP_Flow 19-474] Invalid Parameter 'Component_Name'
startgroup
set_property -dict [list CONFIG.PCW_ENET0_GRP_MDIO_ENABLE {1} CONFIG.PCW_ENET0_GRP_MDIO_IO {MIO 52 .. 53} CONFIG.PCW_MIO_16_SLEW {fast} CONFIG.PCW_MIO_17_SLEW {fast} CONFIG.PCW_MIO_18_SLEW {fast} CONFIG.PCW_MIO_19_SLEW {fast} CONFIG.PCW_MIO_20_SLEW {fast} CONFIG.PCW_MIO_21_SLEW {fast} CONFIG.PCW_MIO_22_SLEW {fast} CONFIG.PCW_MIO_23_SLEW {fast} CONFIG.PCW_MIO_24_SLEW {fast} CONFIG.PCW_MIO_25_SLEW {fast} CONFIG.PCW_MIO_26_SLEW {fast} CONFIG.PCW_MIO_27_SLEW {fast}] [get_bd_cells processing_system7_0]
WARNING: [BD 41-176] The physical port 'M_AXI_GP0_aximm_wr_socket' specified in the portmap, is not found on the block! 
WARNING: [BD 41-176] The physical port 'M_AXI_GP0_aximm_rd_socket' specified in the portmap, is not found on the block! 
WARNING: [BD 41-176] The physical port 'S_AXI_HP0_aximm_wr_socket' specified in the portmap, is not found on the block! 
WARNING: [BD 41-176] The physical port 'S_AXI_HP0_aximm_rd_socket' specified in the portmap, is not found on the block! 
endgroup
validate_bd_design
WARNING: [BD 41-176] The physical port 'M_AXI_GP0_aximm_wr_socket' specified in the portmap, is not found on the block! 
WARNING: [BD 41-176] The physical port 'M_AXI_GP0_aximm_rd_socket' specified in the portmap, is not found on the block! 
WARNING: [BD 41-176] The physical port 'S_AXI_HP0_aximm_wr_socket' specified in the portmap, is not found on the block! 
WARNING: [BD 41-176] The physical port 'S_AXI_HP0_aximm_rd_socket' specified in the portmap, is not found on the block! 
INFO: [xilinx.com:ip:smartconnect:1.0-1] design_1_axi_smc_0: SmartConnect design_1_axi_smc_0 is in High-performance Mode.
CRITICAL WARNING: [BD 41-1343] Reset pin /v_tc_0/resetn (associated clock /v_tc_0/clk) is connected to reset source /rst_ps7_0_100M/peripheral_aresetn (synchronous to clock source /processing_system7_0/FCLK_CLK0).
This may prevent design from meeting timing. Please add Processor System Reset module to create a reset that is synchronous to the associated clock source /axi_dynclk_0/PXL_CLK_O.
WARNING: [BD 41-927] Following properties on pin /axi_dynclk_0/REF_CLK_I have been updated from connected ip, but BD cell '/axi_dynclk_0' does not accept parameter changes, so they may not be synchronized with cell properties:
	PHASE = 0.000 
Please resolve any mismatches by directly setting properties on BD cell </axi_dynclk_0> to completely resolve these warnings.
WARNING: [BD 41-927] Following properties on pin /axi_dynclk_0/PXL_CLK_O have been updated from connected ip, but BD cell '/axi_dynclk_0' does not accept parameter changes, so they may not be synchronized with cell properties:
	PHASE = 0.000 
Please resolve any mismatches by directly setting properties on BD cell </axi_dynclk_0> to completely resolve these warnings.
WARNING: [BD 41-927] Following properties on pin /axi_dynclk_0/PXL_CLK_5X_O have been updated from connected ip, but BD cell '/axi_dynclk_0' does not accept parameter changes, so they may not be synchronized with cell properties:
	PHASE = 0.000 
Please resolve any mismatches by directly setting properties on BD cell </axi_dynclk_0> to completely resolve these warnings.
WARNING: [BD 41-927] Following properties on pin /axi_dynclk_0/s00_axi_aclk have been updated from connected ip, but BD cell '/axi_dynclk_0' does not accept parameter changes, so they may not be synchronized with cell properties:
	PHASE = 0.000 
Please resolve any mismatches by directly setting properties on BD cell </axi_dynclk_0> to completely resolve these warnings.
WARNING: [BD 41-927] Following properties on pin /rgb2dvi_0/PixelClk have been updated from connected ip, but BD cell '/rgb2dvi_0' does not accept parameter changes, so they may not be synchronized with cell properties:
	PHASE = 0.000 
Please resolve any mismatches by directly setting properties on BD cell </rgb2dvi_0> to completely resolve these warnings.
WARNING: [BD 41-927] Following properties on pin /rgb2dvi_0/SerialClk have been updated from connected ip, but BD cell '/rgb2dvi_0' does not accept parameter changes, so they may not be synchronized with cell properties:
	PHASE = 0.000 
Please resolve any mismatches by directly setting properties on BD cell </rgb2dvi_0> to completely resolve these warnings.
validate_bd_design: Time (s): cpu = 00:00:09 ; elapsed = 00:00:09 . Memory (MB): peak = 1774.418 ; gain = 32.156
save_bd_design
Wrote  : <C:\Users\Saad\Desktop\arm_fpga_04_hdmi_output\arm_fpga_04_hdmi_output.srcs\sources_1\bd\design_1\design_1.bd> 
Wrote  : <C:/Users/Saad/Desktop/arm_fpga_04_hdmi_output/arm_fpga_04_hdmi_output.srcs/sources_1/bd/design_1/ui/bd_1f5defd0.ui> 
generate_target all [get_files  C:/Users/Saad/Desktop/arm_fpga_04_hdmi_output/arm_fpga_04_hdmi_output.srcs/sources_1/bd/design_1/design_1.bd]
INFO: [BD 41-1662] The design 'design_1.bd' is already validated. Therefore parameter propagation will not be re-run.
VHDL Output written to : c:/Users/Saad/Desktop/arm_fpga_04_hdmi_output/arm_fpga_04_hdmi_output.gen/sources_1/bd/design_1/synth/design_1.v
VHDL Output written to : c:/Users/Saad/Desktop/arm_fpga_04_hdmi_output/arm_fpga_04_hdmi_output.gen/sources_1/bd/design_1/sim/design_1.v
VHDL Output written to : c:/Users/Saad/Desktop/arm_fpga_04_hdmi_output/arm_fpga_04_hdmi_output.gen/sources_1/bd/design_1/hdl/design_1_wrapper.v
INFO: [IP_Flow 19-5611] Unable to find an associated reset port for the interface 'M_AXI_GP0'. A default connection has been created.
INFO: [IP_Flow 19-5611] Unable to find an associated reset port for the interface 'S_AXI_HP0'. A default connection has been created.
INFO: [BD 41-1029] Generation completed for the IP Integrator block processing_system7_0 .
WARNING: [IP_Flow 19-4994] Overwriting existing constraint file 'c:/Users/Saad/Desktop/arm_fpga_04_hdmi_output/arm_fpga_04_hdmi_output.gen/sources_1/bd/design_1/ip/design_1_axi_vdma_0_0/design_1_axi_vdma_0_0_ooc.xdc'
INFO: [BD 41-1029] Generation completed for the IP Integrator block axi_vdma_0 .
Exporting to file c:/Users/Saad/Desktop/arm_fpga_04_hdmi_output/arm_fpga_04_hdmi_output.gen/sources_1/bd/design_1/ip/design_1_axi_smc_0/bd_0/hw_handoff/design_1_axi_smc_0.hwh
Generated Hardware Definition File c:/Users/Saad/Desktop/arm_fpga_04_hdmi_output/arm_fpga_04_hdmi_output.gen/sources_1/bd/design_1/ip/design_1_axi_smc_0/bd_0/synth/design_1_axi_smc_0.hwdef
INFO: [BD 41-1029] Generation completed for the IP Integrator block axi_smc .
INFO: [BD 41-1029] Generation completed for the IP Integrator block rst_ps7_0_142M .
INFO: [BD 41-1029] Generation completed for the IP Integrator block rst_ps7_0_100M .
WARNING: [IP_Flow 19-4994] Overwriting existing constraint file 'c:/Users/Saad/Desktop/arm_fpga_04_hdmi_output/arm_fpga_04_hdmi_output.gen/sources_1/bd/design_1/ip/design_1_axis_subset_converter_0_0/design_1_axis_subset_converter_0_0_ooc.xdc'
INFO: [BD 41-1029] Generation completed for the IP Integrator block axis_subset_converter_0 .
INFO: [BD 41-1029] Generation completed for the IP Integrator block v_axi4s_vid_out_0 .
INFO: [BD 41-1029] Generation completed for the IP Integrator block v_tc_0 .
INFO: [BD 41-1029] Generation completed for the IP Integrator block ps7_0_axi_periph/xbar .
WARNING: [IP_Flow 19-4994] Overwriting existing constraint file 'c:/Users/Saad/Desktop/arm_fpga_04_hdmi_output/arm_fpga_04_hdmi_output.gen/sources_1/bd/design_1/ip/design_1_auto_pc_0/design_1_auto_pc_0_ooc.xdc'
INFO: [BD 41-1029] Generation completed for the IP Integrator block ps7_0_axi_periph/s00_couplers/auto_pc .
Exporting to file c:/Users/Saad/Desktop/arm_fpga_04_hdmi_output/arm_fpga_04_hdmi_output.gen/sources_1/bd/design_1/hw_handoff/design_1.hwh
Generated Hardware Definition File c:/Users/Saad/Desktop/arm_fpga_04_hdmi_output/arm_fpga_04_hdmi_output.gen/sources_1/bd/design_1/synth/design_1.hwdef
generate_target: Time (s): cpu = 00:00:30 ; elapsed = 00:00:29 . Memory (MB): peak = 1796.336 ; gain = 21.918
catch { config_ip_cache -export [get_ips -all design_1_processing_system7_0_0] }
catch { config_ip_cache -export [get_ips -all design_1_axi_vdma_0_0] }
catch { config_ip_cache -export [get_ips -all design_1_axi_smc_0] }
catch { config_ip_cache -export [get_ips -all design_1_rst_ps7_0_142M_0] }
catch { config_ip_cache -export [get_ips -all design_1_rst_ps7_0_100M_0] }
catch { config_ip_cache -export [get_ips -all design_1_axis_subset_converter_0_0] }
catch { config_ip_cache -export [get_ips -all design_1_v_axi4s_vid_out_0_0] }
catch { config_ip_cache -export [get_ips -all design_1_v_tc_0_0] }
catch { config_ip_cache -export [get_ips -all design_1_rgb2dvi_0_0] }
catch { config_ip_cache -export [get_ips -all design_1_axi_dynclk_0_0] }
catch { config_ip_cache -export [get_ips -all design_1_xbar_0] }
catch { config_ip_cache -export [get_ips -all design_1_auto_pc_0] }
export_ip_user_files -of_objects [get_files C:/Users/Saad/Desktop/arm_fpga_04_hdmi_output/arm_fpga_04_hdmi_output.srcs/sources_1/bd/design_1/design_1.bd] -no_script -sync -force -quiet
create_ip_run [get_files -of_objects [get_fileset sources_1] C:/Users/Saad/Desktop/arm_fpga_04_hdmi_output/arm_fpga_04_hdmi_output.srcs/sources_1/bd/design_1/design_1.bd]
launch_runs design_1_processing_system7_0_0_synth_1 design_1_rst_ps7_0_142M_0_synth_1 design_1_rst_ps7_0_100M_0_synth_1 design_1_rgb2dvi_0_0_synth_1 design_1_axi_dynclk_0_0_synth_1 design_1_axi_vdma_0_0_synth_1 design_1_axi_smc_0_synth_1 design_1_axis_subset_converter_0_0_synth_1 design_1_v_axi4s_vid_out_0_0_synth_1 design_1_v_tc_0_0_synth_1 design_1_xbar_0_synth_1 design_1_auto_pc_0_synth_1 -jobs 8
[Sun May 31 00:44:27 2026] Launched design_1_processing_system7_0_0_synth_1, design_1_rst_ps7_0_142M_0_synth_1, design_1_rst_ps7_0_100M_0_synth_1, design_1_rgb2dvi_0_0_synth_1, design_1_axi_dynclk_0_0_synth_1, design_1_axi_vdma_0_0_synth_1, design_1_axi_smc_0_synth_1, design_1_axis_subset_converter_0_0_synth_1, design_1_v_axi4s_vid_out_0_0_synth_1, design_1_v_tc_0_0_synth_1, design_1_xbar_0_synth_1, design_1_auto_pc_0_synth_1...
Run output will be captured here:
design_1_processing_system7_0_0_synth_1: C:/Users/Saad/Desktop/arm_fpga_04_hdmi_output/arm_fpga_04_hdmi_output.runs/design_1_processing_system7_0_0_synth_1/runme.log
design_1_rst_ps7_0_142M_0_synth_1: C:/Users/Saad/Desktop/arm_fpga_04_hdmi_output/arm_fpga_04_hdmi_output.runs/design_1_rst_ps7_0_142M_0_synth_1/runme.log
design_1_rst_ps7_0_100M_0_synth_1: C:/Users/Saad/Desktop/arm_fpga_04_hdmi_output/arm_fpga_04_hdmi_output.runs/design_1_rst_ps7_0_100M_0_synth_1/runme.log
design_1_rgb2dvi_0_0_synth_1: C:/Users/Saad/Desktop/arm_fpga_04_hdmi_output/arm_fpga_04_hdmi_output.runs/design_1_rgb2dvi_0_0_synth_1/runme.log
design_1_axi_dynclk_0_0_synth_1: C:/Users/Saad/Desktop/arm_fpga_04_hdmi_output/arm_fpga_04_hdmi_output.runs/design_1_axi_dynclk_0_0_synth_1/runme.log
design_1_axi_vdma_0_0_synth_1: C:/Users/Saad/Desktop/arm_fpga_04_hdmi_output/arm_fpga_04_hdmi_output.runs/design_1_axi_vdma_0_0_synth_1/runme.log
design_1_axi_smc_0_synth_1: C:/Users/Saad/Desktop/arm_fpga_04_hdmi_output/arm_fpga_04_hdmi_output.runs/design_1_axi_smc_0_synth_1/runme.log
design_1_axis_subset_converter_0_0_synth_1: C:/Users/Saad/Desktop/arm_fpga_04_hdmi_output/arm_fpga_04_hdmi_output.runs/design_1_axis_subset_converter_0_0_synth_1/runme.log
design_1_v_axi4s_vid_out_0_0_synth_1: C:/Users/Saad/Desktop/arm_fpga_04_hdmi_output/arm_fpga_04_hdmi_output.runs/design_1_v_axi4s_vid_out_0_0_synth_1/runme.log
design_1_v_tc_0_0_synth_1: C:/Users/Saad/Desktop/arm_fpga_04_hdmi_output/arm_fpga_04_hdmi_output.runs/design_1_v_tc_0_0_synth_1/runme.log
design_1_xbar_0_synth_1: C:/Users/Saad/Desktop/arm_fpga_04_hdmi_output/arm_fpga_04_hdmi_output.runs/design_1_xbar_0_synth_1/runme.log
design_1_auto_pc_0_synth_1: C:/Users/Saad/Desktop/arm_fpga_04_hdmi_output/arm_fpga_04_hdmi_output.runs/design_1_auto_pc_0_synth_1/runme.log
export_simulation -of_objects [get_files C:/Users/Saad/Desktop/arm_fpga_04_hdmi_output/arm_fpga_04_hdmi_output.srcs/sources_1/bd/design_1/design_1.bd] -directory C:/Users/Saad/Desktop/arm_fpga_04_hdmi_output/arm_fpga_04_hdmi_output.ip_user_files/sim_scripts -ip_user_files_dir C:/Users/Saad/Desktop/arm_fpga_04_hdmi_output/arm_fpga_04_hdmi_output.ip_user_files -ipstatic_source_dir C:/Users/Saad/Desktop/arm_fpga_04_hdmi_output/arm_fpga_04_hdmi_output.ip_user_files/ipstatic -lib_map_path [list {modelsim=C:/Users/Saad/Desktop/arm_fpga_04_hdmi_output/arm_fpga_04_hdmi_output.cache/compile_simlib/modelsim} {questa=C:/Users/Saad/Desktop/arm_fpga_04_hdmi_output/arm_fpga_04_hdmi_output.cache/compile_simlib/questa} {riviera=C:/Users/Saad/Desktop/arm_fpga_04_hdmi_output/arm_fpga_04_hdmi_output.cache/compile_simlib/riviera} {activehdl=C:/Users/Saad/Desktop/arm_fpga_04_hdmi_output/arm_fpga_04_hdmi_output.cache/compile_simlib/activehdl}] -use_ip_compiled_libs -force -quiet
make_wrapper -files [get_files C:/Users/Saad/Desktop/arm_fpga_04_hdmi_output/arm_fpga_04_hdmi_output.srcs/sources_1/bd/design_1/design_1.bd] -top
reset_run synth_1
reset_run design_1_processing_system7_0_0_synth_1
reset_run design_1_rst_ps7_0_142M_0_synth_1
reset_run design_1_rgb2dvi_0_0_synth_1
reset_run design_1_axi_dynclk_0_0_synth_1
reset_run design_1_axi_vdma_0_0_synth_1
reset_run design_1_axi_smc_0_synth_1
reset_run design_1_axis_subset_converter_0_0_synth_1
reset_run design_1_v_axi4s_vid_out_0_0_synth_1
reset_run design_1_v_tc_0_0_synth_1
reset_run design_1_xbar_0_synth_1
launch_runs impl_1 -to_step write_bitstream -jobs 8
[Sun May 31 00:46:36 2026] Launched design_1_processing_system7_0_0_synth_1, design_1_rst_ps7_0_142M_0_synth_1, design_1_rgb2dvi_0_0_synth_1, design_1_axi_dynclk_0_0_synth_1, design_1_axi_vdma_0_0_synth_1, design_1_axi_smc_0_synth_1, design_1_axis_subset_converter_0_0_synth_1, design_1_v_axi4s_vid_out_0_0_synth_1, design_1_v_tc_0_0_synth_1, design_1_xbar_0_synth_1, synth_1...
Run output will be captured here:
design_1_processing_system7_0_0_synth_1: C:/Users/Saad/Desktop/arm_fpga_04_hdmi_output/arm_fpga_04_hdmi_output.runs/design_1_processing_system7_0_0_synth_1/runme.log
design_1_rst_ps7_0_142M_0_synth_1: C:/Users/Saad/Desktop/arm_fpga_04_hdmi_output/arm_fpga_04_hdmi_output.runs/design_1_rst_ps7_0_142M_0_synth_1/runme.log
design_1_rgb2dvi_0_0_synth_1: C:/Users/Saad/Desktop/arm_fpga_04_hdmi_output/arm_fpga_04_hdmi_output.runs/design_1_rgb2dvi_0_0_synth_1/runme.log
design_1_axi_dynclk_0_0_synth_1: C:/Users/Saad/Desktop/arm_fpga_04_hdmi_output/arm_fpga_04_hdmi_output.runs/design_1_axi_dynclk_0_0_synth_1/runme.log
design_1_axi_vdma_0_0_synth_1: C:/Users/Saad/Desktop/arm_fpga_04_hdmi_output/arm_fpga_04_hdmi_output.runs/design_1_axi_vdma_0_0_synth_1/runme.log
design_1_axi_smc_0_synth_1: C:/Users/Saad/Desktop/arm_fpga_04_hdmi_output/arm_fpga_04_hdmi_output.runs/design_1_axi_smc_0_synth_1/runme.log
design_1_axis_subset_converter_0_0_synth_1: C:/Users/Saad/Desktop/arm_fpga_04_hdmi_output/arm_fpga_04_hdmi_output.runs/design_1_axis_subset_converter_0_0_synth_1/runme.log
design_1_v_axi4s_vid_out_0_0_synth_1: C:/Users/Saad/Desktop/arm_fpga_04_hdmi_output/arm_fpga_04_hdmi_output.runs/design_1_v_axi4s_vid_out_0_0_synth_1/runme.log
design_1_v_tc_0_0_synth_1: C:/Users/Saad/Desktop/arm_fpga_04_hdmi_output/arm_fpga_04_hdmi_output.runs/design_1_v_tc_0_0_synth_1/runme.log
design_1_xbar_0_synth_1: C:/Users/Saad/Desktop/arm_fpga_04_hdmi_output/arm_fpga_04_hdmi_output.runs/design_1_xbar_0_synth_1/runme.log
synth_1: C:/Users/Saad/Desktop/arm_fpga_04_hdmi_output/arm_fpga_04_hdmi_output.runs/synth_1/runme.log
[Sun May 31 00:46:37 2026] Launched impl_1...
Run output will be captured here: C:/Users/Saad/Desktop/arm_fpga_04_hdmi_output/arm_fpga_04_hdmi_output.runs/impl_1/runme.log
reset_run design_1_processing_system7_0_0_synth_1
reset_run design_1_rgb2dvi_0_0_synth_1
reset_run design_1_axi_vdma_0_0_synth_1
reset_run design_1_axi_smc_0_synth_1
reset_run design_1_axis_subset_converter_0_0_synth_1
reset_run design_1_v_axi4s_vid_out_0_0_synth_1
reset_run synth_1
launch_runs synth_1 -jobs 8
[Sun May 31 00:54:25 2026] Launched design_1_processing_system7_0_0_synth_1, design_1_rgb2dvi_0_0_synth_1, design_1_axi_vdma_0_0_synth_1, design_1_axi_smc_0_synth_1, design_1_axis_subset_converter_0_0_synth_1, design_1_v_axi4s_vid_out_0_0_synth_1...
Run output will be captured here:
design_1_processing_system7_0_0_synth_1: C:/Users/Saad/Desktop/arm_fpga_04_hdmi_output/arm_fpga_04_hdmi_output.runs/design_1_processing_system7_0_0_synth_1/runme.log
design_1_rgb2dvi_0_0_synth_1: C:/Users/Saad/Desktop/arm_fpga_04_hdmi_output/arm_fpga_04_hdmi_output.runs/design_1_rgb2dvi_0_0_synth_1/runme.log
design_1_axi_vdma_0_0_synth_1: C:/Users/Saad/Desktop/arm_fpga_04_hdmi_output/arm_fpga_04_hdmi_output.runs/design_1_axi_vdma_0_0_synth_1/runme.log
design_1_axi_smc_0_synth_1: C:/Users/Saad/Desktop/arm_fpga_04_hdmi_output/arm_fpga_04_hdmi_output.runs/design_1_axi_smc_0_synth_1/runme.log
design_1_axis_subset_converter_0_0_synth_1: C:/Users/Saad/Desktop/arm_fpga_04_hdmi_output/arm_fpga_04_hdmi_output.runs/design_1_axis_subset_converter_0_0_synth_1/runme.log
design_1_v_axi4s_vid_out_0_0_synth_1: C:/Users/Saad/Desktop/arm_fpga_04_hdmi_output/arm_fpga_04_hdmi_output.runs/design_1_v_axi4s_vid_out_0_0_synth_1/runme.log
[Sun May 31 00:54:25 2026] Launched synth_1...
Run output will be captured here: C:/Users/Saad/Desktop/arm_fpga_04_hdmi_output/arm_fpga_04_hdmi_output.runs/synth_1/runme.log
report_ip_status -name ip_status 
reset_run design_1_processing_system7_0_0_synth_1
reset_run design_1_rgb2dvi_0_0_synth_1
reset_run design_1_axi_vdma_0_0_synth_1
reset_run design_1_axi_smc_0_synth_1
reset_run design_1_axis_subset_converter_0_0_synth_1
reset_run design_1_v_axi4s_vid_out_0_0_synth_1
launch_runs impl_1 -jobs 8
[Sun May 31 00:55:01 2026] Launched design_1_processing_system7_0_0_synth_1, design_1_rgb2dvi_0_0_synth_1, design_1_axi_vdma_0_0_synth_1, design_1_axi_smc_0_synth_1, design_1_axis_subset_converter_0_0_synth_1, design_1_v_axi4s_vid_out_0_0_synth_1, synth_1...
Run output will be captured here:
design_1_processing_system7_0_0_synth_1: C:/Users/Saad/Desktop/arm_fpga_04_hdmi_output/arm_fpga_04_hdmi_output.runs/design_1_processing_system7_0_0_synth_1/runme.log
design_1_rgb2dvi_0_0_synth_1: C:/Users/Saad/Desktop/arm_fpga_04_hdmi_output/arm_fpga_04_hdmi_output.runs/design_1_rgb2dvi_0_0_synth_1/runme.log
design_1_axi_vdma_0_0_synth_1: C:/Users/Saad/Desktop/arm_fpga_04_hdmi_output/arm_fpga_04_hdmi_output.runs/design_1_axi_vdma_0_0_synth_1/runme.log
design_1_axi_smc_0_synth_1: C:/Users/Saad/Desktop/arm_fpga_04_hdmi_output/arm_fpga_04_hdmi_output.runs/design_1_axi_smc_0_synth_1/runme.log
design_1_axis_subset_converter_0_0_synth_1: C:/Users/Saad/Desktop/arm_fpga_04_hdmi_output/arm_fpga_04_hdmi_output.runs/design_1_axis_subset_converter_0_0_synth_1/runme.log
design_1_v_axi4s_vid_out_0_0_synth_1: C:/Users/Saad/Desktop/arm_fpga_04_hdmi_output/arm_fpga_04_hdmi_output.runs/design_1_v_axi4s_vid_out_0_0_synth_1/runme.log
synth_1: C:/Users/Saad/Desktop/arm_fpga_04_hdmi_output/arm_fpga_04_hdmi_output.runs/synth_1/runme.log
[Sun May 31 00:55:01 2026] Launched impl_1...
Run output will be captured here: C:/Users/Saad/Desktop/arm_fpga_04_hdmi_output/arm_fpga_04_hdmi_output.runs/impl_1/runme.log
generate_target all [get_files  C:/Users/Saad/Desktop/arm_fpga_04_hdmi_output/arm_fpga_04_hdmi_output.srcs/sources_1/bd/design_1/design_1.bd]
INFO: [BD 41-1637] Generated targets are already up-to-date for block design 'design_1' - hence not re-generating.
catch { config_ip_cache -export [get_ips -all design_1_processing_system7_0_0] }
catch { config_ip_cache -export [get_ips -all design_1_axi_vdma_0_0] }
catch { config_ip_cache -export [get_ips -all design_1_axi_smc_0] }
catch { config_ip_cache -export [get_ips -all design_1_axis_subset_converter_0_0] }
catch { config_ip_cache -export [get_ips -all design_1_rgb2dvi_0_0] }
export_ip_user_files -of_objects [get_files C:/Users/Saad/Desktop/arm_fpga_04_hdmi_output/arm_fpga_04_hdmi_output.srcs/sources_1/bd/design_1/design_1.bd] -no_script -sync -force -quiet
create_ip_run [get_files -of_objects [get_fileset sources_1] C:/Users/Saad/Desktop/arm_fpga_04_hdmi_output/arm_fpga_04_hdmi_output.srcs/sources_1/bd/design_1/design_1.bd]
launch_runs design_1_processing_system7_0_0_synth_1 design_1_rgb2dvi_0_0_synth_1 design_1_axi_vdma_0_0_synth_1 design_1_axi_smc_0_synth_1 design_1_axis_subset_converter_0_0_synth_1 -jobs 8
[Sun May 31 00:56:11 2026] Launched design_1_processing_system7_0_0_synth_1, design_1_rgb2dvi_0_0_synth_1, design_1_axi_vdma_0_0_synth_1, design_1_axi_smc_0_synth_1, design_1_axis_subset_converter_0_0_synth_1...
Run output will be captured here:
design_1_processing_system7_0_0_synth_1: C:/Users/Saad/Desktop/arm_fpga_04_hdmi_output/arm_fpga_04_hdmi_output.runs/design_1_processing_system7_0_0_synth_1/runme.log
design_1_rgb2dvi_0_0_synth_1: C:/Users/Saad/Desktop/arm_fpga_04_hdmi_output/arm_fpga_04_hdmi_output.runs/design_1_rgb2dvi_0_0_synth_1/runme.log
design_1_axi_vdma_0_0_synth_1: C:/Users/Saad/Desktop/arm_fpga_04_hdmi_output/arm_fpga_04_hdmi_output.runs/design_1_axi_vdma_0_0_synth_1/runme.log
design_1_axi_smc_0_synth_1: C:/Users/Saad/Desktop/arm_fpga_04_hdmi_output/arm_fpga_04_hdmi_output.runs/design_1_axi_smc_0_synth_1/runme.log
design_1_axis_subset_converter_0_0_synth_1: C:/Users/Saad/Desktop/arm_fpga_04_hdmi_output/arm_fpga_04_hdmi_output.runs/design_1_axis_subset_converter_0_0_synth_1/runme.log
export_simulation -of_objects [get_files C:/Users/Saad/Desktop/arm_fpga_04_hdmi_output/arm_fpga_04_hdmi_output.srcs/sources_1/bd/design_1/design_1.bd] -directory C:/Users/Saad/Desktop/arm_fpga_04_hdmi_output/arm_fpga_04_hdmi_output.ip_user_files/sim_scripts -ip_user_files_dir C:/Users/Saad/Desktop/arm_fpga_04_hdmi_output/arm_fpga_04_hdmi_output.ip_user_files -ipstatic_source_dir C:/Users/Saad/Desktop/arm_fpga_04_hdmi_output/arm_fpga_04_hdmi_output.ip_user_files/ipstatic -lib_map_path [list {modelsim=C:/Users/Saad/Desktop/arm_fpga_04_hdmi_output/arm_fpga_04_hdmi_output.cache/compile_simlib/modelsim} {questa=C:/Users/Saad/Desktop/arm_fpga_04_hdmi_output/arm_fpga_04_hdmi_output.cache/compile_simlib/questa} {riviera=C:/Users/Saad/Desktop/arm_fpga_04_hdmi_output/arm_fpga_04_hdmi_output.cache/compile_simlib/riviera} {activehdl=C:/Users/Saad/Desktop/arm_fpga_04_hdmi_output/arm_fpga_04_hdmi_output.cache/compile_simlib/activehdl}] -use_ip_compiled_libs -force -quiet
reset_target all [get_files  C:/Users/Saad/Desktop/arm_fpga_04_hdmi_output/arm_fpga_04_hdmi_output.srcs/sources_1/bd/design_1/design_1.bd]
export_ip_user_files -of_objects  [get_files  C:/Users/Saad/Desktop/arm_fpga_04_hdmi_output/arm_fpga_04_hdmi_output.srcs/sources_1/bd/design_1/design_1.bd] -sync -no_script -force -quiet
delete_ip_run [get_files -of_objects [get_fileset sources_1] C:/Users/Saad/Desktop/arm_fpga_04_hdmi_output/arm_fpga_04_hdmi_output.srcs/sources_1/bd/design_1/design_1.bd]
WARNING: [Vivado 12-1017] Problems encountered:
1. Failed to delete one or more files in run directory C:/Users/Saad/Desktop/arm_fpga_04_hdmi_output/arm_fpga_04_hdmi_output.runs/design_1_processing_system7_0_0_synth_1

WARNING: [Vivado 12-1017] Problems encountered:
1. Failed to delete one or more files in run directory C:/Users/Saad/Desktop/arm_fpga_04_hdmi_output/arm_fpga_04_hdmi_output.runs/design_1_axi_vdma_0_0_synth_1

WARNING: [Vivado 12-1017] Problems encountered:
1. Failed to delete one or more files in run directory C:/Users/Saad/Desktop/arm_fpga_04_hdmi_output/arm_fpga_04_hdmi_output.runs/design_1_axi_smc_0_synth_1

delete_ip_run: Time (s): cpu = 00:00:07 ; elapsed = 00:00:07 . Memory (MB): peak = 1803.230 ; gain = 0.000
generate_target all [get_files  C:/Users/Saad/Desktop/arm_fpga_04_hdmi_output/arm_fpga_04_hdmi_output.srcs/sources_1/bd/design_1/design_1.bd]
INFO: [BD 41-1662] The design 'design_1.bd' is already validated. Therefore parameter propagation will not be re-run.
Wrote  : <C:\Users\Saad\Desktop\arm_fpga_04_hdmi_output\arm_fpga_04_hdmi_output.srcs\sources_1\bd\design_1\design_1.bd> 
VHDL Output written to : c:/Users/Saad/Desktop/arm_fpga_04_hdmi_output/arm_fpga_04_hdmi_output.gen/sources_1/bd/design_1/synth/design_1.v
VHDL Output written to : c:/Users/Saad/Desktop/arm_fpga_04_hdmi_output/arm_fpga_04_hdmi_output.gen/sources_1/bd/design_1/sim/design_1.v
VHDL Output written to : c:/Users/Saad/Desktop/arm_fpga_04_hdmi_output/arm_fpga_04_hdmi_output.gen/sources_1/bd/design_1/hdl/design_1_wrapper.v
INFO: [IP_Flow 19-5611] Unable to find an associated reset port for the interface 'M_AXI_GP0'. A default connection has been created.
INFO: [IP_Flow 19-5611] Unable to find an associated reset port for the interface 'S_AXI_HP0'. A default connection has been created.
INFO: [BD 41-1029] Generation completed for the IP Integrator block processing_system7_0 .
WARNING: [IP_Flow 19-4994] Overwriting existing constraint file 'c:/Users/Saad/Desktop/arm_fpga_04_hdmi_output/arm_fpga_04_hdmi_output.gen/sources_1/bd/design_1/ip/design_1_axi_vdma_0_0/design_1_axi_vdma_0_0_ooc.xdc'
INFO: [BD 41-1029] Generation completed for the IP Integrator block axi_vdma_0 .
Exporting to file c:/Users/Saad/Desktop/arm_fpga_04_hdmi_output/arm_fpga_04_hdmi_output.gen/sources_1/bd/design_1/ip/design_1_axi_smc_0/bd_0/hw_handoff/design_1_axi_smc_0.hwh
Generated Hardware Definition File c:/Users/Saad/Desktop/arm_fpga_04_hdmi_output/arm_fpga_04_hdmi_output.gen/sources_1/bd/design_1/ip/design_1_axi_smc_0/bd_0/synth/design_1_axi_smc_0.hwdef
INFO: [BD 41-1029] Generation completed for the IP Integrator block axi_smc .
INFO: [BD 41-1029] Generation completed for the IP Integrator block rst_ps7_0_142M .
INFO: [BD 41-1029] Generation completed for the IP Integrator block rst_ps7_0_100M .
WARNING: [IP_Flow 19-4994] Overwriting existing constraint file 'c:/Users/Saad/Desktop/arm_fpga_04_hdmi_output/arm_fpga_04_hdmi_output.gen/sources_1/bd/design_1/ip/design_1_axis_subset_converter_0_0/design_1_axis_subset_converter_0_0_ooc.xdc'
INFO: [BD 41-1029] Generation completed for the IP Integrator block axis_subset_converter_0 .
INFO: [BD 41-1029] Generation completed for the IP Integrator block xlconstant_0 .
INFO: [BD 41-1029] Generation completed for the IP Integrator block v_axi4s_vid_out_0 .
INFO: [BD 41-1029] Generation completed for the IP Integrator block v_tc_0 .
INFO: [BD 41-1029] Generation completed for the IP Integrator block rgb2dvi_0 .
INFO: [BD 41-1029] Generation completed for the IP Integrator block axi_dynclk_0 .
INFO: [BD 41-1029] Generation completed for the IP Integrator block axi_gpio_0 .
INFO: [BD 41-1029] Generation completed for the IP Integrator block xlconstant_1 .
INFO: [BD 41-1029] Generation completed for the IP Integrator block xlconcat_0 .
INFO: [BD 41-1029] Generation completed for the IP Integrator block ps7_0_axi_periph/xbar .
WARNING: [IP_Flow 19-4994] Overwriting existing constraint file 'c:/Users/Saad/Desktop/arm_fpga_04_hdmi_output/arm_fpga_04_hdmi_output.gen/sources_1/bd/design_1/ip/design_1_auto_pc_0/design_1_auto_pc_0_ooc.xdc'
INFO: [BD 41-1029] Generation completed for the IP Integrator block ps7_0_axi_periph/s00_couplers/auto_pc .
Exporting to file c:/Users/Saad/Desktop/arm_fpga_04_hdmi_output/arm_fpga_04_hdmi_output.gen/sources_1/bd/design_1/hw_handoff/design_1.hwh
Generated Hardware Definition File c:/Users/Saad/Desktop/arm_fpga_04_hdmi_output/arm_fpga_04_hdmi_output.gen/sources_1/bd/design_1/synth/design_1.hwdef
generate_target: Time (s): cpu = 00:00:27 ; elapsed = 00:00:28 . Memory (MB): peak = 1827.277 ; gain = 24.047
catch { config_ip_cache -export [get_ips -all design_1_processing_system7_0_0] }
catch { config_ip_cache -export [get_ips -all design_1_axi_vdma_0_0] }
INFO: [IP_Flow 19-4993] Using cached IP synthesis design for IP design_1_axi_vdma_0_0, cache-ID = 9ccc35b8865d94ec; cache size = 25.987 MB.
catch { config_ip_cache -export [get_ips -all design_1_axi_smc_0] }
INFO: [IP_Flow 19-4993] Using cached IP synthesis design for IP design_1_axi_smc_0, cache-ID = dc9833021946b621; cache size = 25.987 MB.
catch { config_ip_cache -export [get_ips -all design_1_rst_ps7_0_142M_0] }
INFO: [IP_Flow 19-4993] Using cached IP synthesis design for IP design_1_rst_ps7_0_142M_0, cache-ID = 3b74136592a34c2e; cache size = 25.988 MB.
catch { config_ip_cache -export [get_ips -all design_1_rst_ps7_0_100M_0] }
INFO: [IP_Flow 19-4993] Using cached IP synthesis design for IP design_1_rst_ps7_0_100M_0, cache-ID = d1f8ae2235873a77; cache size = 25.988 MB.
catch { config_ip_cache -export [get_ips -all design_1_axis_subset_converter_0_0] }
catch { config_ip_cache -export [get_ips -all design_1_v_axi4s_vid_out_0_0] }
INFO: [IP_Flow 19-4993] Using cached IP synthesis design for IP design_1_v_axi4s_vid_out_0_0, cache-ID = cc2016ae7dfd0027; cache size = 25.988 MB.
catch { config_ip_cache -export [get_ips -all design_1_v_tc_0_0] }
INFO: [IP_Flow 19-4993] Using cached IP synthesis design for IP design_1_v_tc_0_0, cache-ID = 51a96c4e110abfcf; cache size = 25.988 MB.
catch { config_ip_cache -export [get_ips -all design_1_rgb2dvi_0_0] }
INFO: [IP_Flow 19-4993] Using cached IP synthesis design for IP design_1_rgb2dvi_0_0, cache-ID = 59b4e9524e41566c; cache size = 25.988 MB.
catch { config_ip_cache -export [get_ips -all design_1_axi_dynclk_0_0] }
INFO: [IP_Flow 19-4993] Using cached IP synthesis design for IP design_1_axi_dynclk_0_0, cache-ID = 65a61a0561bbc6b5; cache size = 25.988 MB.
catch { config_ip_cache -export [get_ips -all design_1_axi_gpio_0_0] }
catch { config_ip_cache -export [get_ips -all design_1_xbar_0] }
INFO: [IP_Flow 19-4993] Using cached IP synthesis design for IP design_1_xbar_0, cache-ID = 5789e6c1f8f1a34f; cache size = 25.988 MB.
catch { config_ip_cache -export [get_ips -all design_1_auto_pc_0] }
INFO: [IP_Flow 19-4993] Using cached IP synthesis design for IP design_1_auto_pc_0, cache-ID = 4c748482f538fe3b; cache size = 25.988 MB.
export_ip_user_files -of_objects [get_files C:/Users/Saad/Desktop/arm_fpga_04_hdmi_output/arm_fpga_04_hdmi_output.srcs/sources_1/bd/design_1/design_1.bd] -no_script -sync -force -quiet
create_ip_run [get_files -of_objects [get_fileset sources_1] C:/Users/Saad/Desktop/arm_fpga_04_hdmi_output/arm_fpga_04_hdmi_output.srcs/sources_1/bd/design_1/design_1.bd]
launch_runs design_1_processing_system7_0_0_synth_1 design_1_axis_subset_converter_0_0_synth_1 design_1_axi_gpio_0_0_synth_1 -jobs 8
[Sun May 31 00:59:24 2026] Launched design_1_processing_system7_0_0_synth_1, design_1_axis_subset_converter_0_0_synth_1, design_1_axi_gpio_0_0_synth_1...
Run output will be captured here:
design_1_processing_system7_0_0_synth_1: C:/Users/Saad/Desktop/arm_fpga_04_hdmi_output/arm_fpga_04_hdmi_output.runs/design_1_processing_system7_0_0_synth_1/runme.log
design_1_axis_subset_converter_0_0_synth_1: C:/Users/Saad/Desktop/arm_fpga_04_hdmi_output/arm_fpga_04_hdmi_output.runs/design_1_axis_subset_converter_0_0_synth_1/runme.log
design_1_axi_gpio_0_0_synth_1: C:/Users/Saad/Desktop/arm_fpga_04_hdmi_output/arm_fpga_04_hdmi_output.runs/design_1_axi_gpio_0_0_synth_1/runme.log
export_simulation -of_objects [get_files C:/Users/Saad/Desktop/arm_fpga_04_hdmi_output/arm_fpga_04_hdmi_output.srcs/sources_1/bd/design_1/design_1.bd] -directory C:/Users/Saad/Desktop/arm_fpga_04_hdmi_output/arm_fpga_04_hdmi_output.ip_user_files/sim_scripts -ip_user_files_dir C:/Users/Saad/Desktop/arm_fpga_04_hdmi_output/arm_fpga_04_hdmi_output.ip_user_files -ipstatic_source_dir C:/Users/Saad/Desktop/arm_fpga_04_hdmi_output/arm_fpga_04_hdmi_output.ip_user_files/ipstatic -lib_map_path [list {modelsim=C:/Users/Saad/Desktop/arm_fpga_04_hdmi_output/arm_fpga_04_hdmi_output.cache/compile_simlib/modelsim} {questa=C:/Users/Saad/Desktop/arm_fpga_04_hdmi_output/arm_fpga_04_hdmi_output.cache/compile_simlib/questa} {riviera=C:/Users/Saad/Desktop/arm_fpga_04_hdmi_output/arm_fpga_04_hdmi_output.cache/compile_simlib/riviera} {activehdl=C:/Users/Saad/Desktop/arm_fpga_04_hdmi_output/arm_fpga_04_hdmi_output.cache/compile_simlib/activehdl}] -use_ip_compiled_libs -force -quiet
make_wrapper -files [get_files C:/Users/Saad/Desktop/arm_fpga_04_hdmi_output/arm_fpga_04_hdmi_output.srcs/sources_1/bd/design_1/design_1.bd] -top
reset_run synth_1
reset_run design_1_processing_system7_0_0_synth_1
reset_run design_1_axis_subset_converter_0_0_synth_1
reset_run design_1_axi_gpio_0_0_synth_1
launch_runs impl_1 -to_step write_bitstream -jobs 8
[Sun May 31 01:00:30 2026] Launched design_1_processing_system7_0_0_synth_1, design_1_axis_subset_converter_0_0_synth_1, design_1_axi_gpio_0_0_synth_1, synth_1...
Run output will be captured here:
design_1_processing_system7_0_0_synth_1: C:/Users/Saad/Desktop/arm_fpga_04_hdmi_output/arm_fpga_04_hdmi_output.runs/design_1_processing_system7_0_0_synth_1/runme.log
design_1_axis_subset_converter_0_0_synth_1: C:/Users/Saad/Desktop/arm_fpga_04_hdmi_output/arm_fpga_04_hdmi_output.runs/design_1_axis_subset_converter_0_0_synth_1/runme.log
design_1_axi_gpio_0_0_synth_1: C:/Users/Saad/Desktop/arm_fpga_04_hdmi_output/arm_fpga_04_hdmi_output.runs/design_1_axi_gpio_0_0_synth_1/runme.log
synth_1: C:/Users/Saad/Desktop/arm_fpga_04_hdmi_output/arm_fpga_04_hdmi_output.runs/synth_1/runme.log
[Sun May 31 01:00:31 2026] Launched impl_1...
Run output will be captured here: C:/Users/Saad/Desktop/arm_fpga_04_hdmi_output/arm_fpga_04_hdmi_output.runs/impl_1/runme.log
validate_bd_design -force
INFO: [xilinx.com:ip:smartconnect:1.0-1] design_1_axi_smc_0: SmartConnect design_1_axi_smc_0 is in High-performance Mode.
CRITICAL WARNING: [BD 41-1343] Reset pin /v_tc_0/resetn (associated clock /v_tc_0/clk) is connected to reset source /rst_ps7_0_100M/peripheral_aresetn (synchronous to clock source /processing_system7_0/FCLK_CLK0).
This may prevent design from meeting timing. Please add Processor System Reset module to create a reset that is synchronous to the associated clock source /axi_dynclk_0/PXL_CLK_O.
WARNING: [BD 41-927] Following properties on pin /axi_dynclk_0/REF_CLK_I have been updated from connected ip, but BD cell '/axi_dynclk_0' does not accept parameter changes, so they may not be synchronized with cell properties:
	PHASE = 0.000 
Please resolve any mismatches by directly setting properties on BD cell </axi_dynclk_0> to completely resolve these warnings.
WARNING: [BD 41-927] Following properties on pin /axi_dynclk_0/PXL_CLK_O have been updated from connected ip, but BD cell '/axi_dynclk_0' does not accept parameter changes, so they may not be synchronized with cell properties:
	PHASE = 0.000 
Please resolve any mismatches by directly setting properties on BD cell </axi_dynclk_0> to completely resolve these warnings.
WARNING: [BD 41-927] Following properties on pin /axi_dynclk_0/PXL_CLK_5X_O have been updated from connected ip, but BD cell '/axi_dynclk_0' does not accept parameter changes, so they may not be synchronized with cell properties:
	PHASE = 0.000 
Please resolve any mismatches by directly setting properties on BD cell </axi_dynclk_0> to completely resolve these warnings.
WARNING: [BD 41-927] Following properties on pin /axi_dynclk_0/s00_axi_aclk have been updated from connected ip, but BD cell '/axi_dynclk_0' does not accept parameter changes, so they may not be synchronized with cell properties:
	PHASE = 0.000 
Please resolve any mismatches by directly setting properties on BD cell </axi_dynclk_0> to completely resolve these warnings.
WARNING: [BD 41-927] Following properties on pin /rgb2dvi_0/PixelClk have been updated from connected ip, but BD cell '/rgb2dvi_0' does not accept parameter changes, so they may not be synchronized with cell properties:
	PHASE = 0.000 
Please resolve any mismatches by directly setting properties on BD cell </rgb2dvi_0> to completely resolve these warnings.
WARNING: [BD 41-927] Following properties on pin /rgb2dvi_0/SerialClk have been updated from connected ip, but BD cell '/rgb2dvi_0' does not accept parameter changes, so they may not be synchronized with cell properties:
	PHASE = 0.000 
Please resolve any mismatches by directly setting properties on BD cell </rgb2dvi_0> to completely resolve these warnings.
report_ip_status -name ip_status 
validate_bd_design -force
INFO: [xilinx.com:ip:smartconnect:1.0-1] design_1_axi_smc_0: SmartConnect design_1_axi_smc_0 is in High-performance Mode.
CRITICAL WARNING: [BD 41-1343] Reset pin /v_tc_0/resetn (associated clock /v_tc_0/clk) is connected to reset source /rst_ps7_0_100M/peripheral_aresetn (synchronous to clock source /processing_system7_0/FCLK_CLK0).
This may prevent design from meeting timing. Please add Processor System Reset module to create a reset that is synchronous to the associated clock source /axi_dynclk_0/PXL_CLK_O.
WARNING: [BD 41-927] Following properties on pin /axi_dynclk_0/REF_CLK_I have been updated from connected ip, but BD cell '/axi_dynclk_0' does not accept parameter changes, so they may not be synchronized with cell properties:
	PHASE = 0.000 
Please resolve any mismatches by directly setting properties on BD cell </axi_dynclk_0> to completely resolve these warnings.
WARNING: [BD 41-927] Following properties on pin /axi_dynclk_0/PXL_CLK_O have been updated from connected ip, but BD cell '/axi_dynclk_0' does not accept parameter changes, so they may not be synchronized with cell properties:
	PHASE = 0.000 
Please resolve any mismatches by directly setting properties on BD cell </axi_dynclk_0> to completely resolve these warnings.
WARNING: [BD 41-927] Following properties on pin /axi_dynclk_0/PXL_CLK_5X_O have been updated from connected ip, but BD cell '/axi_dynclk_0' does not accept parameter changes, so they may not be synchronized with cell properties:
	PHASE = 0.000 
Please resolve any mismatches by directly setting properties on BD cell </axi_dynclk_0> to completely resolve these warnings.
WARNING: [BD 41-927] Following properties on pin /axi_dynclk_0/s00_axi_aclk have been updated from connected ip, but BD cell '/axi_dynclk_0' does not accept parameter changes, so they may not be synchronized with cell properties:
	PHASE = 0.000 
Please resolve any mismatches by directly setting properties on BD cell </axi_dynclk_0> to completely resolve these warnings.
WARNING: [BD 41-927] Following properties on pin /rgb2dvi_0/PixelClk have been updated from connected ip, but BD cell '/rgb2dvi_0' does not accept parameter changes, so they may not be synchronized with cell properties:
	PHASE = 0.000 
Please resolve any mismatches by directly setting properties on BD cell </rgb2dvi_0> to completely resolve these warnings.
WARNING: [BD 41-927] Following properties on pin /rgb2dvi_0/SerialClk have been updated from connected ip, but BD cell '/rgb2dvi_0' does not accept parameter changes, so they may not be synchronized with cell properties:
	PHASE = 0.000 
Please resolve any mismatches by directly setting properties on BD cell </rgb2dvi_0> to completely resolve these warnings.
reset_target all [get_files  C:/Users/Saad/Desktop/arm_fpga_04_hdmi_output/arm_fpga_04_hdmi_output.srcs/sources_1/bd/design_1/design_1.bd]
export_ip_user_files -of_objects  [get_files  C:/Users/Saad/Desktop/arm_fpga_04_hdmi_output/arm_fpga_04_hdmi_output.srcs/sources_1/bd/design_1/design_1.bd] -sync -no_script -force -quiet
delete_ip_run [get_files -of_objects [get_fileset sources_1] C:/Users/Saad/Desktop/arm_fpga_04_hdmi_output/arm_fpga_04_hdmi_output.srcs/sources_1/bd/design_1/design_1.bd]
WARNING: [Vivado 12-1017] Problems encountered:
1. Failed to delete one or more files in run directory C:/Users/Saad/Desktop/arm_fpga_04_hdmi_output/arm_fpga_04_hdmi_output.runs/design_1_processing_system7_0_0_synth_1

WARNING: [Vivado 12-1017] Problems encountered:
1. Failed to delete one or more files in run directory C:/Users/Saad/Desktop/arm_fpga_04_hdmi_output/arm_fpga_04_hdmi_output.runs/design_1_axis_subset_converter_0_0_synth_1

WARNING: [Vivado 12-1017] Problems encountered:
1. Failed to delete one or more files in run directory C:/Users/Saad/Desktop/arm_fpga_04_hdmi_output/arm_fpga_04_hdmi_output.runs/design_1_axi_gpio_0_0_synth_1

reset_target all [get_files  C:/Users/Saad/Desktop/arm_fpga_04_hdmi_output/arm_fpga_04_hdmi_output.srcs/sources_1/bd/design_1/design_1.bd]
export_ip_user_files -of_objects  [get_files  C:/Users/Saad/Desktop/arm_fpga_04_hdmi_output/arm_fpga_04_hdmi_output.srcs/sources_1/bd/design_1/design_1.bd] -sync -no_script -force -quiet
report_ip_status -name ip_status 
generate_target all [get_files  C:/Users/Saad/Desktop/arm_fpga_04_hdmi_output/arm_fpga_04_hdmi_output.srcs/sources_1/bd/design_1/design_1.bd]
INFO: [BD 41-1662] The design 'design_1.bd' is already validated. Therefore parameter propagation will not be re-run.
Wrote  : <C:\Users\Saad\Desktop\arm_fpga_04_hdmi_output\arm_fpga_04_hdmi_output.srcs\sources_1\bd\design_1\design_1.bd> 
VHDL Output written to : c:/Users/Saad/Desktop/arm_fpga_04_hdmi_output/arm_fpga_04_hdmi_output.gen/sources_1/bd/design_1/synth/design_1.v
VHDL Output written to : c:/Users/Saad/Desktop/arm_fpga_04_hdmi_output/arm_fpga_04_hdmi_output.gen/sources_1/bd/design_1/sim/design_1.v
VHDL Output written to : c:/Users/Saad/Desktop/arm_fpga_04_hdmi_output/arm_fpga_04_hdmi_output.gen/sources_1/bd/design_1/hdl/design_1_wrapper.v
INFO: [IP_Flow 19-5611] Unable to find an associated reset port for the interface 'M_AXI_GP0'. A default connection has been created.
INFO: [IP_Flow 19-5611] Unable to find an associated reset port for the interface 'S_AXI_HP0'. A default connection has been created.
INFO: [BD 41-1029] Generation completed for the IP Integrator block processing_system7_0 .
WARNING: [IP_Flow 19-4994] Overwriting existing constraint file 'c:/Users/Saad/Desktop/arm_fpga_04_hdmi_output/arm_fpga_04_hdmi_output.gen/sources_1/bd/design_1/ip/design_1_axi_vdma_0_0/design_1_axi_vdma_0_0_ooc.xdc'
INFO: [BD 41-1029] Generation completed for the IP Integrator block axi_vdma_0 .
Exporting to file c:/Users/Saad/Desktop/arm_fpga_04_hdmi_output/arm_fpga_04_hdmi_output.gen/sources_1/bd/design_1/ip/design_1_axi_smc_0/bd_0/hw_handoff/design_1_axi_smc_0.hwh
Generated Hardware Definition File c:/Users/Saad/Desktop/arm_fpga_04_hdmi_output/arm_fpga_04_hdmi_output.gen/sources_1/bd/design_1/ip/design_1_axi_smc_0/bd_0/synth/design_1_axi_smc_0.hwdef
INFO: [BD 41-1029] Generation completed for the IP Integrator block axi_smc .
INFO: [BD 41-1029] Generation completed for the IP Integrator block rst_ps7_0_142M .
INFO: [BD 41-1029] Generation completed for the IP Integrator block rst_ps7_0_100M .
WARNING: [IP_Flow 19-4994] Overwriting existing constraint file 'c:/Users/Saad/Desktop/arm_fpga_04_hdmi_output/arm_fpga_04_hdmi_output.gen/sources_1/bd/design_1/ip/design_1_axis_subset_converter_0_0/design_1_axis_subset_converter_0_0_ooc.xdc'
INFO: [BD 41-1029] Generation completed for the IP Integrator block axis_subset_converter_0 .
INFO: [BD 41-1029] Generation completed for the IP Integrator block xlconstant_0 .
INFO: [BD 41-1029] Generation completed for the IP Integrator block v_axi4s_vid_out_0 .
INFO: [BD 41-1029] Generation completed for the IP Integrator block v_tc_0 .
INFO: [BD 41-1029] Generation completed for the IP Integrator block rgb2dvi_0 .
INFO: [BD 41-1029] Generation completed for the IP Integrator block axi_dynclk_0 .
INFO: [BD 41-1029] Generation completed for the IP Integrator block axi_gpio_0 .
INFO: [BD 41-1029] Generation completed for the IP Integrator block xlconstant_1 .
INFO: [BD 41-1029] Generation completed for the IP Integrator block xlconcat_0 .
INFO: [BD 41-1029] Generation completed for the IP Integrator block ps7_0_axi_periph/xbar .
WARNING: [IP_Flow 19-4994] Overwriting existing constraint file 'c:/Users/Saad/Desktop/arm_fpga_04_hdmi_output/arm_fpga_04_hdmi_output.gen/sources_1/bd/design_1/ip/design_1_auto_pc_0/design_1_auto_pc_0_ooc.xdc'
INFO: [BD 41-1029] Generation completed for the IP Integrator block ps7_0_axi_periph/s00_couplers/auto_pc .
Exporting to file c:/Users/Saad/Desktop/arm_fpga_04_hdmi_output/arm_fpga_04_hdmi_output.gen/sources_1/bd/design_1/hw_handoff/design_1.hwh
Generated Hardware Definition File c:/Users/Saad/Desktop/arm_fpga_04_hdmi_output/arm_fpga_04_hdmi_output.gen/sources_1/bd/design_1/synth/design_1.hwdef
generate_target: Time (s): cpu = 00:00:26 ; elapsed = 00:00:28 . Memory (MB): peak = 1881.273 ; gain = 40.461
catch { config_ip_cache -export [get_ips -all design_1_processing_system7_0_0] }
INFO: [IP_Flow 19-4993] Using cached IP synthesis design for IP design_1_processing_system7_0_0, cache-ID = ee8c16dc788caded; cache size = 27.102 MB.
catch { config_ip_cache -export [get_ips -all design_1_axi_vdma_0_0] }
INFO: [IP_Flow 19-4993] Using cached IP synthesis design for IP design_1_axi_vdma_0_0, cache-ID = 9ccc35b8865d94ec; cache size = 27.102 MB.
catch { config_ip_cache -export [get_ips -all design_1_axi_smc_0] }
INFO: [IP_Flow 19-4993] Using cached IP synthesis design for IP design_1_axi_smc_0, cache-ID = dc9833021946b621; cache size = 27.102 MB.
catch { config_ip_cache -export [get_ips -all design_1_rst_ps7_0_142M_0] }
INFO: [IP_Flow 19-4993] Using cached IP synthesis design for IP design_1_rst_ps7_0_142M_0, cache-ID = 3b74136592a34c2e; cache size = 27.102 MB.
catch { config_ip_cache -export [get_ips -all design_1_rst_ps7_0_100M_0] }
INFO: [IP_Flow 19-4993] Using cached IP synthesis design for IP design_1_rst_ps7_0_100M_0, cache-ID = d1f8ae2235873a77; cache size = 27.102 MB.
catch { config_ip_cache -export [get_ips -all design_1_axis_subset_converter_0_0] }
INFO: [IP_Flow 19-4993] Using cached IP synthesis design for IP design_1_axis_subset_converter_0_0, cache-ID = fe9510cecc0daee8; cache size = 27.102 MB.
catch { config_ip_cache -export [get_ips -all design_1_v_axi4s_vid_out_0_0] }
INFO: [IP_Flow 19-4993] Using cached IP synthesis design for IP design_1_v_axi4s_vid_out_0_0, cache-ID = cc2016ae7dfd0027; cache size = 27.102 MB.
catch { config_ip_cache -export [get_ips -all design_1_v_tc_0_0] }
INFO: [IP_Flow 19-4993] Using cached IP synthesis design for IP design_1_v_tc_0_0, cache-ID = 51a96c4e110abfcf; cache size = 27.102 MB.
catch { config_ip_cache -export [get_ips -all design_1_rgb2dvi_0_0] }
INFO: [IP_Flow 19-4993] Using cached IP synthesis design for IP design_1_rgb2dvi_0_0, cache-ID = 59b4e9524e41566c; cache size = 27.102 MB.
catch { config_ip_cache -export [get_ips -all design_1_axi_dynclk_0_0] }
INFO: [IP_Flow 19-4993] Using cached IP synthesis design for IP design_1_axi_dynclk_0_0, cache-ID = 65a61a0561bbc6b5; cache size = 27.102 MB.
catch { config_ip_cache -export [get_ips -all design_1_axi_gpio_0_0] }
INFO: [IP_Flow 19-4993] Using cached IP synthesis design for IP design_1_axi_gpio_0_0, cache-ID = a83a665e46f6c9f8; cache size = 27.102 MB.
catch { config_ip_cache -export [get_ips -all design_1_xbar_0] }
INFO: [IP_Flow 19-4993] Using cached IP synthesis design for IP design_1_xbar_0, cache-ID = 5789e6c1f8f1a34f; cache size = 27.102 MB.
catch { config_ip_cache -export [get_ips -all design_1_auto_pc_0] }
INFO: [IP_Flow 19-4993] Using cached IP synthesis design for IP design_1_auto_pc_0, cache-ID = 4c748482f538fe3b; cache size = 27.102 MB.
export_ip_user_files -of_objects [get_files C:/Users/Saad/Desktop/arm_fpga_04_hdmi_output/arm_fpga_04_hdmi_output.srcs/sources_1/bd/design_1/design_1.bd] -no_script -sync -force -quiet
create_ip_run [get_files -of_objects [get_fileset sources_1] C:/Users/Saad/Desktop/arm_fpga_04_hdmi_output/arm_fpga_04_hdmi_output.srcs/sources_1/bd/design_1/design_1.bd]
export_simulation -of_objects [get_files C:/Users/Saad/Desktop/arm_fpga_04_hdmi_output/arm_fpga_04_hdmi_output.srcs/sources_1/bd/design_1/design_1.bd] -directory C:/Users/Saad/Desktop/arm_fpga_04_hdmi_output/arm_fpga_04_hdmi_output.ip_user_files/sim_scripts -ip_user_files_dir C:/Users/Saad/Desktop/arm_fpga_04_hdmi_output/arm_fpga_04_hdmi_output.ip_user_files -ipstatic_source_dir C:/Users/Saad/Desktop/arm_fpga_04_hdmi_output/arm_fpga_04_hdmi_output.ip_user_files/ipstatic -lib_map_path [list {modelsim=C:/Users/Saad/Desktop/arm_fpga_04_hdmi_output/arm_fpga_04_hdmi_output.cache/compile_simlib/modelsim} {questa=C:/Users/Saad/Desktop/arm_fpga_04_hdmi_output/arm_fpga_04_hdmi_output.cache/compile_simlib/questa} {riviera=C:/Users/Saad/Desktop/arm_fpga_04_hdmi_output/arm_fpga_04_hdmi_output.cache/compile_simlib/riviera} {activehdl=C:/Users/Saad/Desktop/arm_fpga_04_hdmi_output/arm_fpga_04_hdmi_output.cache/compile_simlib/activehdl}] -use_ip_compiled_libs -force -quiet
validate_bd_design -force
INFO: [xilinx.com:ip:smartconnect:1.0-1] design_1_axi_smc_0: SmartConnect design_1_axi_smc_0 is in High-performance Mode.
CRITICAL WARNING: [BD 41-1343] Reset pin /v_tc_0/resetn (associated clock /v_tc_0/clk) is connected to reset source /rst_ps7_0_100M/peripheral_aresetn (synchronous to clock source /processing_system7_0/FCLK_CLK0).
This may prevent design from meeting timing. Please add Processor System Reset module to create a reset that is synchronous to the associated clock source /axi_dynclk_0/PXL_CLK_O.
WARNING: [BD 41-927] Following properties on pin /axi_dynclk_0/REF_CLK_I have been updated from connected ip, but BD cell '/axi_dynclk_0' does not accept parameter changes, so they may not be synchronized with cell properties:
	PHASE = 0.000 
Please resolve any mismatches by directly setting properties on BD cell </axi_dynclk_0> to completely resolve these warnings.
WARNING: [BD 41-927] Following properties on pin /axi_dynclk_0/PXL_CLK_O have been updated from connected ip, but BD cell '/axi_dynclk_0' does not accept parameter changes, so they may not be synchronized with cell properties:
	PHASE = 0.000 
Please resolve any mismatches by directly setting properties on BD cell </axi_dynclk_0> to completely resolve these warnings.
WARNING: [BD 41-927] Following properties on pin /axi_dynclk_0/PXL_CLK_5X_O have been updated from connected ip, but BD cell '/axi_dynclk_0' does not accept parameter changes, so they may not be synchronized with cell properties:
	PHASE = 0.000 
Please resolve any mismatches by directly setting properties on BD cell </axi_dynclk_0> to completely resolve these warnings.
WARNING: [BD 41-927] Following properties on pin /axi_dynclk_0/s00_axi_aclk have been updated from connected ip, but BD cell '/axi_dynclk_0' does not accept parameter changes, so they may not be synchronized with cell properties:
	PHASE = 0.000 
Please resolve any mismatches by directly setting properties on BD cell </axi_dynclk_0> to completely resolve these warnings.
WARNING: [BD 41-927] Following properties on pin /rgb2dvi_0/PixelClk have been updated from connected ip, but BD cell '/rgb2dvi_0' does not accept parameter changes, so they may not be synchronized with cell properties:
	PHASE = 0.000 
Please resolve any mismatches by directly setting properties on BD cell </rgb2dvi_0> to completely resolve these warnings.
WARNING: [BD 41-927] Following properties on pin /rgb2dvi_0/SerialClk have been updated from connected ip, but BD cell '/rgb2dvi_0' does not accept parameter changes, so they may not be synchronized with cell properties:
	PHASE = 0.000 
Please resolve any mismatches by directly setting properties on BD cell </rgb2dvi_0> to completely resolve these warnings.
make_wrapper -files [get_files C:/Users/Saad/Desktop/arm_fpga_04_hdmi_output/arm_fpga_04_hdmi_output.srcs/sources_1/bd/design_1/design_1.bd] -top
INFO: [BD 41-1662] The design 'design_1.bd' is already validated. Therefore parameter propagation will not be re-run.
Wrote  : <C:\Users\Saad\Desktop\arm_fpga_04_hdmi_output\arm_fpga_04_hdmi_output.srcs\sources_1\bd\design_1\design_1.bd> 
VHDL Output written to : c:/Users/Saad/Desktop/arm_fpga_04_hdmi_output/arm_fpga_04_hdmi_output.gen/sources_1/bd/design_1/synth/design_1.v
VHDL Output written to : c:/Users/Saad/Desktop/arm_fpga_04_hdmi_output/arm_fpga_04_hdmi_output.gen/sources_1/bd/design_1/sim/design_1.v
VHDL Output written to : c:/Users/Saad/Desktop/arm_fpga_04_hdmi_output/arm_fpga_04_hdmi_output.gen/sources_1/bd/design_1/hdl/design_1_wrapper.v
report_ip_status -name ip_status 
reset_run synth_1
launch_runs synth_1 -jobs 8
INFO: [BD 41-1662] The design 'design_1.bd' is already validated. Therefore parameter propagation will not be re-run.
Wrote  : <C:\Users\Saad\Desktop\arm_fpga_04_hdmi_output\arm_fpga_04_hdmi_output.srcs\sources_1\bd\design_1\design_1.bd> 
VHDL Output written to : c:/Users/Saad/Desktop/arm_fpga_04_hdmi_output/arm_fpga_04_hdmi_output.gen/sources_1/bd/design_1/synth/design_1.v
VHDL Output written to : c:/Users/Saad/Desktop/arm_fpga_04_hdmi_output/arm_fpga_04_hdmi_output.gen/sources_1/bd/design_1/sim/design_1.v
VHDL Output written to : c:/Users/Saad/Desktop/arm_fpga_04_hdmi_output/arm_fpga_04_hdmi_output.gen/sources_1/bd/design_1/hdl/design_1_wrapper.v
Exporting to file c:/Users/Saad/Desktop/arm_fpga_04_hdmi_output/arm_fpga_04_hdmi_output.gen/sources_1/bd/design_1/ip/design_1_axi_smc_0/bd_0/hw_handoff/design_1_axi_smc_0.hwh
Generated Hardware Definition File c:/Users/Saad/Desktop/arm_fpga_04_hdmi_output/arm_fpga_04_hdmi_output.gen/sources_1/bd/design_1/ip/design_1_axi_smc_0/bd_0/synth/design_1_axi_smc_0.hwdef
INFO: [BD 41-1029] Generation completed for the IP Integrator block axi_smc .
WARNING: [IP_Flow 19-4994] Overwriting existing constraint file 'c:/Users/Saad/Desktop/arm_fpga_04_hdmi_output/arm_fpga_04_hdmi_output.gen/sources_1/bd/design_1/ip/design_1_auto_pc_0/design_1_auto_pc_0_ooc.xdc'
INFO: [BD 41-1029] Generation completed for the IP Integrator block ps7_0_axi_periph/s00_couplers/auto_pc .
Exporting to file c:/Users/Saad/Desktop/arm_fpga_04_hdmi_output/arm_fpga_04_hdmi_output.gen/sources_1/bd/design_1/hw_handoff/design_1.hwh
Generated Hardware Definition File c:/Users/Saad/Desktop/arm_fpga_04_hdmi_output/arm_fpga_04_hdmi_output.gen/sources_1/bd/design_1/synth/design_1.hwdef
INFO: [IP_Flow 19-4993] Using cached IP synthesis design for IP design_1_auto_pc_0, cache-ID = 4c748482f538fe3b; cache size = 27.102 MB.
INFO: [IP_Flow 19-4993] Using cached IP synthesis design for IP design_1_axi_smc_0, cache-ID = dc9833021946b621; cache size = 27.102 MB.
[Sun May 31 01:07:40 2026] Launched synth_1...
Run output will be captured here: C:/Users/Saad/Desktop/arm_fpga_04_hdmi_output/arm_fpga_04_hdmi_output.runs/synth_1/runme.log
launch_runs: Time (s): cpu = 00:00:06 ; elapsed = 00:00:06 . Memory (MB): peak = 1898.352 ; gain = 0.277
launch_runs impl_1 -jobs 8
[Sun May 31 01:08:53 2026] Launched impl_1...
Run output will be captured here: C:/Users/Saad/Desktop/arm_fpga_04_hdmi_output/arm_fpga_04_hdmi_output.runs/impl_1/runme.log
launch_runs impl_1 -to_step write_bitstream -jobs 8
[Sun May 31 01:11:03 2026] Launched impl_1...
Run output will be captured here: C:/Users/Saad/Desktop/arm_fpga_04_hdmi_output/arm_fpga_04_hdmi_output.runs/impl_1/runme.log
write_hw_platform -fixed -include_bit -force -file C:/Users/Saad/Desktop/arm_fpga_04_hdmi_output/ethhdmi(1).xsa
INFO: [Vivado 12-4895] Creating Hardware Platform: C:/Users/Saad/Desktop/arm_fpga_04_hdmi_output/ethhdmi(1).xsa ...
INFO: [Vivado 12-12464] The Hardware Platform can be used for Hardware
INFO: [Vivado 12-4896] Successfully created Hardware Platform: C:/Users/Saad/Desktop/arm_fpga_04_hdmi_output/ethhdmi(1).xsa
INFO: [Hsi 55-2053] elapsed time for repository (D:/Vivado/2021.2/data/embeddedsw) loading 0 seconds
exit
INFO: [Common 17-206] Exiting Vivado at Sun May 31 01:34:20 2026...
