#-----------------------------------------------------------
# Vivado v2021.2 (64-bit)
# SW Build 3367213 on Tue Oct 19 02:48:09 MDT 2021
# IP Build 3369179 on Thu Oct 21 08:25:16 MDT 2021
# Start of session at: Sun May 31 04:02:32 2026
# Process ID: 4036
# Current directory: C:/Users/Saad/Desktop/arm_fpga_04_hdmi_output
# Command line: vivado.exe -gui_launcher_event rodinguilauncherevent24304 C:\Users\Saad\Desktop\arm_fpga_04_hdmi_output\arm_fpga_04_hdmi_output.xpr
# Log file: C:/Users/Saad/Desktop/arm_fpga_04_hdmi_output/vivado.log
# Journal file: C:/Users/Saad/Desktop/arm_fpga_04_hdmi_output\vivado.jou
# Running On: DESKTOP-N4P9TIA, OS: Windows, CPU Frequency: 4008 MHz, CPU Physical cores: 6, Host memory: 16943 MB
#-----------------------------------------------------------
start_gui
open_project C:/Users/Saad/Desktop/arm_fpga_04_hdmi_output/arm_fpga_04_hdmi_output.xpr
update_compile_order -fileset sources_1
open_bd_design {C:/Users/Saad/Desktop/arm_fpga_04_hdmi_output/arm_fpga_04_hdmi_output.srcs/sources_1/bd/design_1/design_1.bd}
startgroup
set_property -dict [list CONFIG.c_num_fstores {3}] [get_bd_cells axi_vdma_0]
endgroup
save_bd_design
open_bd_design {C:/Users/Saad/Desktop/arm_fpga_04_hdmi_output/arm_fpga_04_hdmi_output.srcs/sources_1/bd/design_1/design_1.bd}
generate_target all [get_files  C:/Users/Saad/Desktop/arm_fpga_04_hdmi_output/arm_fpga_04_hdmi_output.srcs/sources_1/bd/design_1/design_1.bd]
catch { config_ip_cache -export [get_ips -all design_1_axi_smc_0] }
catch { config_ip_cache -export [get_ips -all design_1_axi_vdma_0_0] }
catch { config_ip_cache -export [get_ips -all design_1_auto_pc_0] }
export_ip_user_files -of_objects [get_files C:/Users/Saad/Desktop/arm_fpga_04_hdmi_output/arm_fpga_04_hdmi_output.srcs/sources_1/bd/design_1/design_1.bd] -no_script -sync -force -quiet
create_ip_run [get_files -of_objects [get_fileset sources_1] C:/Users/Saad/Desktop/arm_fpga_04_hdmi_output/arm_fpga_04_hdmi_output.srcs/sources_1/bd/design_1/design_1.bd]
launch_runs design_1_axi_smc_0_synth_1 design_1_axi_vdma_0_0_synth_1 -jobs 8
wait_on_run design_1_axi_smc_0_synth_1
wait_on_run design_1_axi_vdma_0_0_synth_1
export_simulation -of_objects [get_files C:/Users/Saad/Desktop/arm_fpga_04_hdmi_output/arm_fpga_04_hdmi_output.srcs/sources_1/bd/design_1/design_1.bd] -directory C:/Users/Saad/Desktop/arm_fpga_04_hdmi_output/arm_fpga_04_hdmi_output.ip_user_files/sim_scripts -ip_user_files_dir C:/Users/Saad/Desktop/arm_fpga_04_hdmi_output/arm_fpga_04_hdmi_output.ip_user_files -ipstatic_source_dir C:/Users/Saad/Desktop/arm_fpga_04_hdmi_output/arm_fpga_04_hdmi_output.ip_user_files/ipstatic -lib_map_path [list {modelsim=C:/Users/Saad/Desktop/arm_fpga_04_hdmi_output/arm_fpga_04_hdmi_output.cache/compile_simlib/modelsim} {questa=C:/Users/Saad/Desktop/arm_fpga_04_hdmi_output/arm_fpga_04_hdmi_output.cache/compile_simlib/questa} {riviera=C:/Users/Saad/Desktop/arm_fpga_04_hdmi_output/arm_fpga_04_hdmi_output.cache/compile_simlib/riviera} {activehdl=C:/Users/Saad/Desktop/arm_fpga_04_hdmi_output/arm_fpga_04_hdmi_output.cache/compile_simlib/activehdl}] -use_ip_compiled_libs -force -quiet
validate_bd_design -force
make_wrapper -files [get_files C:/Users/Saad/Desktop/arm_fpga_04_hdmi_output/arm_fpga_04_hdmi_output.srcs/sources_1/bd/design_1/design_1.bd] -top
generate_target all [get_files  C:/Users/Saad/Desktop/arm_fpga_04_hdmi_output/arm_fpga_04_hdmi_output.srcs/sources_1/bd/design_1/design_1.bd]
catch { config_ip_cache -export [get_ips -all design_1_axi_smc_0] }
catch { config_ip_cache -export [get_ips -all design_1_auto_pc_0] }
export_ip_user_files -of_objects [get_files C:/Users/Saad/Desktop/arm_fpga_04_hdmi_output/arm_fpga_04_hdmi_output.srcs/sources_1/bd/design_1/design_1.bd] -no_script -sync -force -quiet
create_ip_run [get_files -of_objects [get_fileset sources_1] C:/Users/Saad/Desktop/arm_fpga_04_hdmi_output/arm_fpga_04_hdmi_output.srcs/sources_1/bd/design_1/design_1.bd]
launch_runs design_1_axi_smc_0_synth_1 -jobs 8
wait_on_run design_1_axi_smc_0_synth_1
export_simulation -of_objects [get_files C:/Users/Saad/Desktop/arm_fpga_04_hdmi_output/arm_fpga_04_hdmi_output.srcs/sources_1/bd/design_1/design_1.bd] -directory C:/Users/Saad/Desktop/arm_fpga_04_hdmi_output/arm_fpga_04_hdmi_output.ip_user_files/sim_scripts -ip_user_files_dir C:/Users/Saad/Desktop/arm_fpga_04_hdmi_output/arm_fpga_04_hdmi_output.ip_user_files -ipstatic_source_dir C:/Users/Saad/Desktop/arm_fpga_04_hdmi_output/arm_fpga_04_hdmi_output.ip_user_files/ipstatic -lib_map_path [list {modelsim=C:/Users/Saad/Desktop/arm_fpga_04_hdmi_output/arm_fpga_04_hdmi_output.cache/compile_simlib/modelsim} {questa=C:/Users/Saad/Desktop/arm_fpga_04_hdmi_output/arm_fpga_04_hdmi_output.cache/compile_simlib/questa} {riviera=C:/Users/Saad/Desktop/arm_fpga_04_hdmi_output/arm_fpga_04_hdmi_output.cache/compile_simlib/riviera} {activehdl=C:/Users/Saad/Desktop/arm_fpga_04_hdmi_output/arm_fpga_04_hdmi_output.cache/compile_simlib/activehdl}] -use_ip_compiled_libs -force -quiet
make_wrapper -files [get_files C:/Users/Saad/Desktop/arm_fpga_04_hdmi_output/arm_fpga_04_hdmi_output.srcs/sources_1/bd/design_1/design_1.bd] -top
reset_run synth_1
launch_runs impl_1 -to_step write_bitstream -jobs 8
wait_on_run impl_1
write_hw_platform -fixed -include_bit -force -file C:/Users/Saad/Desktop/arm_fpga_04_hdmi_output/ethhdmi2.xsa
